 ffi_bindings

 Timestamp is 5bf675e3 (Thu Nov 22 10:24:51 2018)

 Preferred load address is 10000000

 Start         Length     Name                   Class
 0001:00000000 00000020H .text$di                CODE
 0001:00000020 00018060H .text$mn                CODE
 0001:00018080 00000038H .text$yd                CODE
 0002:00000000 00000148H .idata$5                DATA
 0002:00000148 00000004H .00cfg                  DATA
 0002:0000014c 00000004H .CRT$XCA                DATA
 0002:00000150 00000008H .CRT$XCU                DATA
 0002:00000158 00000004H .CRT$XCZ                DATA
 0002:0000015c 00000004H .CRT$XIA                DATA
 0002:00000160 0000000cH .CRT$XIC                DATA
 0002:0000016c 00000004H .CRT$XIZ                DATA
 0002:00000170 00000004H .CRT$XPA                DATA
 0002:00000174 00000008H .CRT$XPX                DATA
 0002:0000017c 00000004H .CRT$XPXA               DATA
 0002:00000180 00000004H .CRT$XPZ                DATA
 0002:00000184 00000004H .CRT$XTA                DATA
 0002:00000188 00000008H .CRT$XTZ                DATA
 0002:00000190 00005f94H .rdata                  DATA
 0002:00006124 000001ccH .rdata$r                DATA
 0002:000062f0 0000000cH .rdata$sxdata           DATA
 0002:000062fc 000003dcH .rdata$zzzdbg           DATA
 0002:000066d8 00000004H .rtc$IAA                DATA
 0002:000066dc 00000004H .rtc$IZZ                DATA
 0002:000066e0 00000004H .rtc$TAA                DATA
 0002:000066e4 00000004H .rtc$TZZ                DATA
 0002:000066e8 000004f4H .xdata$x                DATA
 0002:00006bdc 00000020H .didat$2                DATA
 0002:00006bfc 00000020H .didat$3                DATA
 0002:00006c1c 000000f0H .didat$4                DATA
 0002:00006d0c 00000cb4H .didat$6                DATA
 0002:000079c0 000000f0H .didat$7                DATA
 0002:00007ab0 0000005cH .edata                  DATA
 0002:00007b0c 00000014H .idata$2                DATA
 0002:00007b20 00000014H .idata$3                DATA
 0002:00007b34 00000148H .idata$4                DATA
 0002:00007c7c 000005d8H .idata$6                DATA
 0003:00000000 000007b4H .data                   DATA
 0003:000007b4 000000b8H .data$r                 DATA
 0003:0000086c 000000f4H .didat$5                DATA
 0003:00000960 00000d2cH .bss                    DATA
 0004:00000000 00000090H .gfids$x                DATA
 0004:00000090 00000060H .gfids$y                DATA
 0005:00000000 00000060H .rsrc$01                DATA
 0005:00000060 00000180H .rsrc$02                DATA

  Address         Publics by Value              Rva+Base       Lib:Object

 0000:00000000       __except_list              00000000     <absolute>
 0000:00000000       ___guard_longjmp_count     00000000     <absolute>
 0000:00000000       ___guard_fids_count        00000000     <absolute>
 0000:00000000       ___guard_longjmp_table     00000000     <absolute>
 0000:00000000       ___guard_iat_table         00000000     <absolute>
 0000:00000000       ___guard_iat_count         00000000     <absolute>
 0000:00000000       ___guard_fids_table        00000000     <absolute>
 0000:00000000       ___dynamic_value_reloc_table 00000000     <absolute>
 0000:00000003       ___safe_se_handler_count   00000003     <absolute>
 0000:00000100       ___guard_flags             00000100     <absolute>
 0000:00000000       ___ImageBase               10000000     <linker-defined>
 0001:000000e0       ?ForceSet@Nan@@YA?AV?$Maybe@_N@v8@@V?$Local@VObject@v8@@@3@V?$Local@VValue@v8@@@3@1W4PropertyAttribute@3@@Z 100010e0 f i ffi.obj
 0001:00000140       ?New@?$Factory@VFunctionTemplate@v8@@@imp@Nan@@SA?AV?$Local@VFunctionTemplate@v8@@@v8@@P6AXABV?$FunctionCallbackInfo@VValue@v8@@@3@@ZV?$Local@VValue@v8@@@5@V?$Local@VSignature@v8@@@5@@Z 10001140 f i ffi.obj
 0001:000002a0       ?ThrowError@Nan@@YAXPBD@Z  100012a0 f i ffi.obj
 0001:00000320       ?Call@Callback@Nan@@QBE?AV?$Local@VValue@v8@@@v8@@HQAV34@@Z 10001320 f i ffi.obj
 0001:000003e0       ?WrapPointer@@YA?AV?$Local@VValue@v8@@@v8@@PADI@Z 100013e0 f i ffi.obj
 0001:00000470       ?WrapPointer@@YA?AV?$Local@VValue@v8@@@v8@@PAD@Z 10001470 f i ffi.obj
 0001:000004e0       ___except_validate_context_record 100014e0 f   libvcruntime:jbcxrval.obj
 0001:000004e0       @_guard_check_icall_nop@4  100014e0 f   LIBCMT:guard_support.obj
 0001:000004e0       ?wrap_pointer_cb@@YAXPADPAX@Z 100014e0 f   ffi.obj
 0001:000004e0       ??1?$_Compressed_pair@U?$_Wrap_alloc@V?$allocator@PAVThreadedCallbackInvokation@@@std@@@std@@V?$_Deque_val@U?$_Deque_simple_types@PAVThreadedCallbackInvokation@@@std@@@2@$00@std@@QAE@XZ 100014e0 f   callback_info.obj
 0001:000004e0       ?_Orphan_all@?$_Deque_alloc@U?$_Deque_base_types@PAVThreadedCallbackInvokation@@V?$allocator@PAVThreadedCallbackInvokation@@@std@@@std@@@std@@QAEXXZ 100014e0 f   callback_info.obj
 0001:000004e0       ___except_validate_jump_buffer 100014e0 f   libvcruntime:jbcxrval.obj
 0001:000004f0       ?node_ffi_errno@@YAHXZ     100014f0 f   ffi.obj
 0001:00000500       ?InitializeStaticFunctions@FFI@@SAXV?$Local@VObject@v8@@@v8@@@Z 10001500 f   ffi.obj
 0001:00000810       ?InitializeBindings@FFI@@SAXV?$Local@VObject@v8@@@v8@@@Z 10001810 f   ffi.obj
 0001:00001de0       ?FFIPrepCif@FFI@@KAXABV?$FunctionCallbackInfo@VValue@v8@@@Nan@@@Z 10002de0 f   ffi.obj
 0001:00001f20       ?FFIPrepCifVar@FFI@@KAXABV?$FunctionCallbackInfo@VValue@v8@@@Nan@@@Z 10002f20 f   ffi.obj
 0001:00002080       ?FFICall@FFI@@KAXABV?$FunctionCallbackInfo@VValue@v8@@@Nan@@@Z 10003080 f   ffi.obj
 0001:00002180       ?FFICallAsync@FFI@@KAXABV?$FunctionCallbackInfo@VValue@v8@@@Nan@@@Z 10003180 f   ffi.obj
 0001:00002300       ?AsyncFFICall@FFI@@KAXPAUuv_work_s@@@Z 10003300 f   ffi.obj
 0001:00002320       ?FinishAsyncFFICall@FFI@@KAXPAUuv_work_s@@@Z 10003320 f   ffi.obj
 0001:00002450       ?init@@YAXV?$Local@VObject@v8@@@v8@@@Z 10003450 f   ffi.obj
 0001:000024a0       ??$New@VUint32@v8@@I@Nan@@YA?AV?$Local@VUint32@v8@@@v8@@I@Z 100034a0 f i ffi.obj
 0001:00002520       ??$New@VInteger@v8@@I@Nan@@YA?AV?$Local@VInteger@v8@@@v8@@I@Z 10003520 f i ffi.obj
 0001:000025a0       ??$New@VInteger@v8@@W4ffi_status@@@Nan@@YA?AV?$Local@VInteger@v8@@@v8@@W4ffi_status@@@Z 100035a0 f i ffi.obj
 0001:00002620       ?closure_pointer_cb@@YAXPADPAX@Z 10003620 f   callback_info.obj
 0001:00002660       ?DispatchToV8@CallbackInfo@@KAXPAU_callback_info@@PAXPAPAX_N@Z 10003660 f   callback_info.obj
 0001:000027c0       ?WatcherCallback@CallbackInfo@@SAXPAUuv_async_s@@H@Z 100037c0 f   callback_info.obj
 0001:00002880       ?Callback@CallbackInfo@@KAXABV?$FunctionCallbackInfo@VValue@v8@@@Nan@@@Z 10003880 f   callback_info.obj
 0001:00002a80       ?Invoke@CallbackInfo@@KAXPAUffi_cif@@PAXPAPAX1@Z 10003a80 f   callback_info.obj
 0001:00002b60       ?Initialize@CallbackInfo@@SAXV?$Local@VObject@v8@@@v8@@@Z 10003b60 f   callback_info.obj
 0001:00002c60       ?_Tidy@?$deque@PAVThreadedCallbackInvokation@@V?$allocator@PAVThreadedCallbackInvokation@@@std@@@std@@IAEXXZ 10003c60 f i callback_info.obj
 0001:00002d20       ?push_back@?$deque@PAVThreadedCallbackInvokation@@V?$allocator@PAVThreadedCallbackInvokation@@@std@@@std@@QAEXABQAVThreadedCallbackInvokation@@@Z 10003d20 f i callback_info.obj
 0001:00002dd0       ?deallocate@?$_Wrap_alloc@V?$allocator@PAPAVThreadedCallbackInvokation@@@std@@@std@@QAEXPAPAPAVThreadedCallbackInvokation@@I@Z 10003dd0 f i callback_info.obj
 0001:00002e30       ??0?$_Deque_alloc@U?$_Deque_base_types@PAVThreadedCallbackInvokation@@V?$allocator@PAVThreadedCallbackInvokation@@@std@@@std@@@std@@QAE@XZ 10003e30 f i callback_info.obj
 0001:00002ea0       ?_Growmap@?$deque@PAVThreadedCallbackInvokation@@V?$allocator@PAVThreadedCallbackInvokation@@@std@@@std@@IAEXI@Z 10003ea0 f i callback_info.obj
 0001:00003030       ??$?0AAU?$_Wrap_alloc@V?$allocator@PAVThreadedCallbackInvokation@@@std@@@std@@@?$_Wrap_alloc@V?$allocator@U_Container_proxy@std@@@std@@@std@@QAE@AAU?$_Wrap_alloc@V?$allocator@PAVThreadedCallbackInvokation@@@std@@@1@@Z 10004030 f i callback_info.obj
 0001:00003040       ??$destroy@U_Container_proxy@std@@@?$_Wrap_alloc@V?$allocator@U_Container_proxy@std@@@std@@@std@@QAEXPAU_Container_proxy@1@@Z 10004040 f i callback_info.obj
 0001:00003050       ___local_stdio_printf_options 10004050 f i win32-dlfcn.obj
 0001:00003060       _sprintf                   10004060 f i win32-dlfcn.obj
 0001:00003100       _dlopen                    10004100 f   win32-dlfcn.obj
 0001:000031f0       _dlclose                   100041f0 f   win32-dlfcn.obj
 0001:00003230       _dlsym                     10004230 f   win32-dlfcn.obj
 0001:00003260       _dlerror                   10004260 f   win32-dlfcn.obj
 0001:00003290       _GetDir                    10004290 f   win32-dlfcn.obj
 0001:00003450       _ffi_prep_cif_core         10004450 f   libffi:prep_cif.obj
 0001:000034e0       _ffi_prep_args             100044e0 f   libffi:ffi.obj
 0001:00003710       _ffi_prep_cif_machdep      10004710 f   libffi:ffi.obj
 0001:000037e0       _ffi_call                  100047e0 f   libffi:ffi.obj
 0001:00003900       _ffi_closure_SYSV_inner    10004900 f   libffi:ffi.obj
 0001:000039c0       _ffi_prep_closure_loc      100049c0 f   libffi:ffi.obj
 0001:000054bc       __imp_load__uv_queue_work  100064bc f   node:node.exe
 0001:000054c6       __tailMerge_node_exe       100064c6 f i node:node.exe
 0001:000054d7       __imp_load_?Global@Context@v8@@QAE?AV?$Local@VObject@v8@@@2@XZ 100064d7 f   node:node.exe
 0001:000054e1       __imp_load_?Value@External@v8@@QBEPAXXZ 100064e1 f   node:node.exe
 0001:000054eb       __imp_load_?New@External@v8@@SA?AV?$Local@VExternal@v8@@@2@PAVIsolate@2@PAX@Z 100064eb f   node:node.exe
 0001:000054f5       __imp_load_?NewFromUnsigned@Integer@v8@@SA?AV?$Local@VInteger@v8@@@2@PAVIsolate@2@I@Z 100064f5 f   node:node.exe
 0001:000054ff       __imp_load_?New@Integer@v8@@SA?AV?$Local@VInteger@v8@@@2@PAVIsolate@2@H@Z 100064ff f   node:node.exe
 0001:00005509       __imp_load_?ThrowException@Isolate@v8@@QAE?AV?$Local@VValue@v8@@@2@V32@@Z 10006509 f   node:node.exe
 0001:00005513       __imp_load_?GetCurrentContext@Isolate@v8@@QAE?AV?$Local@VContext@v8@@@2@XZ 10006513 f   node:node.exe
 0001:0000551d       __imp_load_?GetCurrent@Isolate@v8@@SAPAV12@XZ 1000651d f   node:node.exe
 0001:00005527       __imp_load_?CreateHandle@HandleScope@v8@@KAPAPAVObject@internal@2@PAVIsolate@42@PAV342@@Z 10006527 f   node:node.exe
 0001:00005531       __imp_load_?CreateHandle@HandleScope@v8@@CAPAPAVObject@internal@2@PAVHeapObject@42@PAV342@@Z 10006531 f   node:node.exe
 0001:0000553b       __imp_load_??1HandleScope@v8@@QAE@XZ 1000653b f   node:node.exe
 0001:00005545       __imp_load_??0HandleScope@v8@@QAE@PAVIsolate@1@@Z 10006545 f   node:node.exe
 0001:0000554f       __imp_load_?Error@Exception@v8@@SA?AV?$Local@VValue@v8@@@2@V?$Local@VString@v8@@@2@@Z 1000654f f   node:node.exe
 0001:00005559       __imp_load_?GetFunction@FunctionTemplate@v8@@QAE?AV?$Local@VFunction@v8@@@2@XZ 10006559 f   node:node.exe
 0001:00005563       __imp_load_?New@FunctionTemplate@v8@@SA?AV?$Local@VFunctionTemplate@v8@@@2@PAVIsolate@2@P6AXABV?$FunctionCallbackInfo@VValue@v8@@@2@@ZV?$Local@VValue@v8@@@2@V?$Local@VSignature@v8@@@2@HW4ConstructorBehavior@2@@Z 10006563 f   node:node.exe
 0001:0000556d       __imp_load_?ToLocalEmpty@V8@v8@@CAXXZ 1000656d f   node:node.exe
 0001:00005577       __imp_load_?DisposeGlobal@V8@v8@@CAXPAPAVObject@internal@2@@Z 10006577 f   node:node.exe
 0001:00005581       __imp_load_?GlobalizeReference@V8@v8@@CAPAPAVObject@internal@2@PAVIsolate@42@PAPAV342@@Z 10006581 f   node:node.exe
 0001:0000558b       __imp_load_?Uint32Value@Value@v8@@QBEIXZ 1000658b f   node:node.exe
 0001:00005595       __imp_load_?ToUint32@Value@v8@@QBE?AV?$MaybeLocal@VUint32@v8@@@2@V?$Local@VContext@v8@@@2@@Z 10006595 f   node:node.exe
 0001:0000559f       __imp_load_?ToInteger@Value@v8@@QBE?AV?$MaybeLocal@VInteger@v8@@@2@V?$Local@VContext@v8@@@2@@Z 1000659f f   node:node.exe
 0001:000055a9       __imp_load_?HasCaught@TryCatch@v8@@QBE_NXZ 100065a9 f   node:node.exe
 0001:000055b3       __imp_load_??1TryCatch@v8@@QAE@XZ 100065b3 f   node:node.exe
 0001:000055bd       __imp_load_??0TryCatch@v8@@QAE@PAVIsolate@1@@Z 100065bd f   node:node.exe
 0001:000055c7       __imp_load_?Escape@EscapableHandleScope@v8@@AAEPAPAVObject@internal@2@PAPAV342@@Z 100065c7 f   node:node.exe
 0001:000055d1       __imp_load_??0EscapableHandleScope@v8@@QAE@PAVIsolate@1@@Z 100065d1 f   node:node.exe
 0001:000055db       __imp_load_?NewFromUtf8@String@v8@@SA?AV?$MaybeLocal@VString@v8@@@2@PAVIsolate@2@PBDW4NewStringType@2@H@Z 100065db f   node:node.exe
 0001:000055e5       __imp_load_?SlowGetInternalField@Object@v8@@AAE?AV?$Local@VValue@v8@@@2@H@Z 100065e5 f   node:node.exe
 0001:000055ef       __imp_load_?New@Object@v8@@SA?AV?$Local@VObject@v8@@@2@PAVIsolate@2@@Z 100065ef f   node:node.exe
 0001:000055f9       __imp_load_?SetInternalField@Object@v8@@QAEXHV?$Local@VValue@v8@@@2@@Z 100065f9 f   node:node.exe
 0001:00005603       __imp_load_?ForceSet@Object@v8@@QAE_NV?$Local@VValue@v8@@@2@0W4PropertyAttribute@2@@Z 10006603 f   node:node.exe
 0001:0000560d       __imp_load_?ForceSet@Object@v8@@QAE?AV?$Maybe@_N@2@V?$Local@VContext@v8@@@2@V?$Local@VValue@v8@@@2@1W4PropertyAttribute@2@@Z 1000660d f   node:node.exe
 0001:00005617       __imp_load_?Set@Object@v8@@QAE_NV?$Local@VValue@v8@@@2@0@Z 10006617 f   node:node.exe
 0001:00005621       __imp_load_?Set@Object@v8@@QAE?AV?$Maybe@_N@2@V?$Local@VContext@v8@@@2@V?$Local@VValue@v8@@@2@1@Z 10006621 f   node:node.exe
 0001:0000562b       __imp_load_?SetInternalFieldCount@ObjectTemplate@v8@@QAEXH@Z 1000662b f   node:node.exe
 0001:00005635       __imp_load_?NewInstance@ObjectTemplate@v8@@QAE?AV?$MaybeLocal@VObject@v8@@@2@V?$Local@VContext@v8@@@2@@Z 10006635 f   node:node.exe
 0001:0000563f       __imp_load_?New@ObjectTemplate@v8@@SA?AV?$Local@VObjectTemplate@v8@@@2@PAVIsolate@2@V?$Local@VFunctionTemplate@v8@@@2@@Z 1000663f f   node:node.exe
 0001:00005649       __imp_load_?FatalException@node@@YAXPAVIsolate@v8@@ABVTryCatch@3@@Z 10006649 f   node:node.exe
 0001:00005653       __imp_load__node_module_register 10006653 f   node:node.exe
 0001:0000565d       __imp_load_?HasInstance@Buffer@node@@YA_NV?$Local@VValue@v8@@@v8@@@Z 1000665d f   node:node.exe
 0001:00005667       __imp_load_?New@Buffer@node@@YA?AV?$MaybeLocal@VObject@v8@@@v8@@PAVIsolate@4@PADIP6AX1PAX@Z2@Z 10006667 f   node:node.exe
 0001:00005671       __imp_load_?Data@Buffer@node@@YAPADV?$Local@VObject@v8@@@v8@@@Z 10006671 f   node:node.exe
 0001:0000567b       __imp_load_?MakeCallback@node@@YA?AV?$Local@VValue@v8@@@v8@@PAVIsolate@3@V?$Local@VObject@v8@@@3@V?$Local@VFunction@v8@@@3@HPAV23@@Z 1000667b f   node:node.exe
 0001:00005685       __imp_load__uv_default_loop 10006685 f   node:node.exe
 0001:0000568f       __imp_load_?ToObject@Value@v8@@QBE?AV?$Local@VObject@v8@@@2@XZ 1000668f f   node:node.exe
 0001:00005699       __imp_load__uv_unref       10006699 f   node:node.exe
 0001:000056a3       __imp_load__uv_mutex_unlock 100066a3 f   node:node.exe
 0001:000056ad       __imp_load_?Int32Value@Value@v8@@QBEHXZ 100066ad f   node:node.exe
 0001:000056b7       __imp_load__uv_mutex_lock  100066b7 f   node:node.exe
 0001:000056c1       __imp_load__uv_ref         100066c1 f   node:node.exe
 0001:000056cb       __imp_load__uv_mutex_init  100066cb f   node:node.exe
 0001:000056d5       __imp_load__uv_async_send  100066d5 f   node:node.exe
 0001:000056df       __imp_load__uv_async_init  100066df f   node:node.exe
 0001:000056e9       __imp_load__uv_cond_signal 100066e9 f   node:node.exe
 0001:000056f3       __imp_load__uv_cond_destroy 100066f3 f   node:node.exe
 0001:000056fd       __imp_load__uv_cond_init   100066fd f   node:node.exe
 0001:00005707       __imp_load__uv_cond_wait   10006707 f   node:node.exe
 0001:00005711       __imp_load__uv_mutex_destroy 10006711 f   node:node.exe
 0001:0000571c       _ffi_call_win32            1000671c f   libffi:win32.obj
 0001:00005808       _ffi_closure_THISCALL      10006808 f   libffi:win32.obj
 0001:00005819       _ffi_closure_SYSV          10006819 f   libffi:win32.obj
 0001:000058c6       _ffi_closure_raw_THISCALL  100068c6 f   libffi:win32.obj
 0001:000058dc       _ffi_closure_raw_SYSV      100068dc f   libffi:win32.obj
 0001:00005988       _ffi_closure_STDCALL       10006988 f   libffi:win32.obj
 0001:00005a29       ??0bad_alloc@std@@QAE@ABV01@@Z 10006a29 f i libcpmt:xthrow.obj
 0001:00005a44       ??0bad_alloc@std@@QAE@XZ   10006a44 f i libcpmt:xthrow.obj
 0001:00005a5c       ??0exception@std@@QAE@ABV01@@Z 10006a5c f i libcpmt:xthrow.obj
 0001:00005a88       ??0exception@std@@QAE@QBD@Z 10006a88 f i libcpmt:xthrow.obj
 0001:00005abf       ??0length_error@std@@QAE@ABV01@@Z 10006abf f i libcpmt:xthrow.obj
 0001:00005ada       ??0length_error@std@@QAE@PBD@Z 10006ada f i libcpmt:xthrow.obj
 0001:00005afb       ??0logic_error@std@@QAE@ABV01@@Z 10006afb f i libcpmt:xthrow.obj
 0001:00005b16       ??1bad_array_new_length@std@@UAE@XZ 10006b16 f i LIBCMT:throw_bad_alloc.obj
 0001:00005b16       ??1length_error@std@@UAE@XZ 10006b16 f i libcpmt:xthrow.obj
 0001:00005b16       ??1bad_alloc@std@@UAE@XZ   10006b16 f i libcpmt:xthrow.obj
 0001:00005b27       ??_Ebad_alloc@std@@UAEPAXI@Z 10006b27 f i libcpmt:xthrow.obj
 0001:00005b27       ??_Eexception@std@@UAEPAXI@Z 10006b27 f i libcpmt:xthrow.obj
 0001:00005b27       ??_Gbad_array_new_length@std@@UAEPAXI@Z 10006b27 f i LIBCMT:throw_bad_alloc.obj
 0001:00005b27       ??_Elogic_error@std@@UAEPAXI@Z 10006b27 f i libcpmt:xthrow.obj
 0001:00005b27       ??_Gexception@std@@UAEPAXI@Z 10006b27 f i libcpmt:xthrow.obj
 0001:00005b27       ??_Glogic_error@std@@UAEPAXI@Z 10006b27 f i libcpmt:xthrow.obj
 0001:00005b27       ??_Ebad_array_new_length@std@@UAEPAXI@Z 10006b27 f i LIBCMT:throw_bad_alloc.obj
 0001:00005b27       ??_Glength_error@std@@UAEPAXI@Z 10006b27 f i libcpmt:xthrow.obj
 0001:00005b27       ??_Elength_error@std@@UAEPAXI@Z 10006b27 f i libcpmt:xthrow.obj
 0001:00005b27       ??_Gbad_alloc@std@@UAEPAXI@Z 10006b27 f i libcpmt:xthrow.obj
 0001:00005b54       ?_Xlength_error@std@@YAXPBD@Z 10006b54 f   libcpmt:xthrow.obj
 0001:00005b74       ?what@exception@std@@UBEPBDXZ 10006b74 f i libcpmt:xthrow.obj
 0001:00005b81       @__security_check_cookie@4 10006b81 f   LIBCMT:_secchk_.obj
 0001:00005b92       ??2@YAPAXI@Z               10006b92 f   LIBCMT:new_scalar.obj
 0001:00005bc5       ??3@YAXPAXI@Z              10006bc5 f   LIBCMT:delete_scalar_size.obj
 0001:00005c17       ___scrt_acquire_startup_lock 10006c17 f   LIBCMT:utility.obj
 0001:00005c4c       ___scrt_dllmain_after_initialize_c 10006c4c f   LIBCMT:utility.obj
 0001:00005c77       ___scrt_dllmain_before_initialize_c 10006c77 f   LIBCMT:utility.obj
 0001:00005c85       ___scrt_dllmain_crt_thread_attach 10006c85 f   LIBCMT:utility.obj
 0001:00005ca4       ___scrt_dllmain_crt_thread_detach 10006ca4 f   LIBCMT:utility.obj
 0001:00005cb1       ___scrt_dllmain_exception_filter 10006cb1 f   LIBCMT:utility.obj
 0001:00005ce4       ___scrt_dllmain_uninitialize_c 10006ce4 f   LIBCMT:utility.obj
 0001:00005d07       ___scrt_dllmain_uninitialize_critical 10006d07 f   LIBCMT:utility.obj
 0001:00005d14       ___scrt_initialize_crt     10006d14 f   LIBCMT:utility.obj
 0001:00005d4d       ___scrt_initialize_onexit_tables 10006d4d f   LIBCMT:utility.obj
 0001:00005de4       ___scrt_is_nonwritable_in_current_image 10006de4 f   LIBCMT:utility.obj
 0001:00005e6e       ___scrt_release_startup_lock 10006e6e f   LIBCMT:utility.obj
 0001:00005e8b       ___scrt_uninitialize_crt   10006e8b f   LIBCMT:utility.obj
 0001:00005eb3       __onexit                   10006eb3 f   LIBCMT:utility.obj
 0001:00005eee       _atexit                    10006eee f   LIBCMT:utility.obj
 0001:00005f03       ??3@YAXPAX@Z               10006f03 f   LIBCMT:delete_scalar.obj
 0001:00005f08       ___raise_securityfailure   10006f08 f   LIBCMT:gs_report.obj
 0001:00005f30       ___report_gsfailure        10006f30 f   LIBCMT:gs_report.obj
 0001:0000602b       ___report_rangecheckfailure 1000702b f   LIBCMT:gs_report.obj
 0001:00006037       ___report_securityfailure  10007037 f   LIBCMT:gs_report.obj
 0001:0000640f       __DllMainCRTStartup@12     1000740f f   LIBCMT:dll_dllmain.obj
 0001:00006432       ??_Gtype_info@@UAEPAXI@Z   10007432 f i LIBCMT:std_type_info_static.obj
 0001:00006432       ??_Etype_info@@UAEPAXI@Z   10007432 f i LIBCMT:std_type_info_static.obj
 0001:00006455       ??0bad_array_new_length@std@@QAE@ABV01@@Z 10007455 f i LIBCMT:throw_bad_alloc.obj
 0001:00006470       ??0bad_array_new_length@std@@QAE@XZ 10007470 f i LIBCMT:throw_bad_alloc.obj
 0001:00006488       ?__scrt_throw_std_bad_alloc@@YAXXZ 10007488 f   LIBCMT:throw_bad_alloc.obj
 0001:00006488       ?_Xbad_alloc@std@@YAXXZ    10007488 f   libcpmt:xthrow.obj
 0001:000064a5       ?__scrt_throw_std_bad_array_new_length@@YAXXZ 100074a5 f   LIBCMT:throw_bad_alloc.obj
 0001:000064c2       ___isa_available_init      100074c2 f   LIBCMT:_cpu_disp_.obj
 0001:0000665c       __get_startup_argv_mode    1000765c f   LIBCMT:argv_mode.obj
 0001:00006660       ___scrt_is_ucrt_dll_in_use 10007660 f   LIBCMT:ucrt_detection.obj
 0001:0000666c       ___scrt_fastfail           1000766c f   LIBCMT:utility_desktop.obj
 0001:00006787       __crt_debugger_hook        10007787 f   LIBCMT:utility_desktop.obj
 0001:0000678f       @_guard_check_icall@4      1000778f f i LIBCMT:checkcfg.obj
 0001:000067a0       __SEH_prolog4              100077a0 f   LIBCMT:_sehprolg4_.obj
 0001:000067e6       __SEH_epilog4              100077e6 f   LIBCMT:_sehprolg4_.obj
 0001:000067fb       ___security_init_cookie    100077fb f   LIBCMT:gs_support.obj
 0001:00006897       _DllMain@12                10007897 f   LIBCMT:dll_dllmain_stub.obj
 0001:0000689d       ?__scrt_initialize_type_info@@YAXXZ 1000789d f   LIBCMT:tncleanup.obj
 0001:000068a9       ?__scrt_uninitialize_type_info@@YAXXZ 100078a9 f   LIBCMT:tncleanup.obj
 0001:000068b5       ___local_stdio_scanf_options 100078b5 f i LIBCMT:default_local_stdio_options.obj
 0001:000068bb       ___scrt_initialize_default_local_stdio_options 100078bb f   LIBCMT:default_local_stdio_options.obj
 0001:000068d8       ___scrt_get_dyn_tls_init_callback 100078d8 f   LIBCMT:dyn_tls_init.obj
 0001:000068de       __RTC_Initialize           100078de f   LIBCMT:_initsect_.obj
 0001:00006909       __RTC_Terminate            10007909 f   LIBCMT:_initsect_.obj
 0001:00006940       _memmove                   10007940 f   libvcruntime:memmove.obj
 0001:00006eb4       ___std_exception_copy      10007eb4 f   libvcruntime:std_exception.obj
 0001:00006f17       ___std_exception_destroy   10007f17 f   libvcruntime:std_exception.obj
 0001:00006f36       __CxxThrowException@8      10007f36 f   libvcruntime:throw.obj
 0001:00006fa4       ___vcrt_initialize         10007fa4 f   libvcruntime:initialization.obj
 0001:00006fcd       ___vcrt_thread_attach      10007fcd f   libvcruntime:initialization.obj
 0001:00006fd8       ___vcrt_thread_detach      10007fd8 f   libvcruntime:initialization.obj
 0001:00006fe3       ___vcrt_uninitialize       10007fe3 f   libvcruntime:initialization.obj
 0001:00007002       ___vcrt_uninitialize_critical 10008002 f   libvcruntime:initialization.obj
 0001:00007050       __except_handler4          10008050 f   libvcruntime:_chandler4_.obj
 0001:000071c0       _memset                    100081c0 f   libvcruntime:memset.obj
 0001:0000731a       ___std_type_info_destroy_list 1000831a f   libvcruntime:std_type_info.obj
 0001:0000733d       ___vcrt_freefls@4          1000833d f   libvcruntime:per_thread_data.obj
 0001:00007359       ___vcrt_freeptd            10008359 f   libvcruntime:per_thread_data.obj
 0001:0000738f       ___vcrt_getptd_noexit      1000838f f   libvcruntime:per_thread_data.obj
 0001:00007421       ___vcrt_initialize_ptd     10008421 f   libvcruntime:per_thread_data.obj
 0001:00007454       ___vcrt_uninitialize_ptd   10008454 f   libvcruntime:per_thread_data.obj
 0001:0000746f       ___vcrt_initialize_locks   1000846f f   libvcruntime:locks.obj
 0001:000074ab       ___vcrt_uninitialize_locks 100084ab f   libvcruntime:locks.obj
 0001:000074da       ??$__crt_fast_encode_pointer@PAX@@YAPAXQAX@Z 100084da f i libvcruntime:winapi_downlevel.obj
 0001:000074da       ??$__crt_fast_encode_pointer@PAP6AXXZ@@YAPAP6AXXZQAP6AXXZ@Z 100084da f i LIBCMT:utility.obj
 0001:00007618       ___vcrt_FlsAlloc           10008618 f   libvcruntime:winapi_downlevel.obj
 0001:00007652       ___vcrt_FlsFree            10008652 f   libvcruntime:winapi_downlevel.obj
 0001:0000768c       ___vcrt_FlsGetValue        1000868c f   libvcruntime:winapi_downlevel.obj
 0001:000076c6       ___vcrt_FlsSetValue        100086c6 f   libvcruntime:winapi_downlevel.obj
 0001:00007703       ___vcrt_InitializeCriticalSectionEx 10008703 f   libvcruntime:winapi_downlevel.obj
 0001:00007749       ___vcrt_initialize_winapi_thunks 10008749 f   libvcruntime:winapi_downlevel.obj
 0001:00007783       ___vcrt_uninitialize_winapi_thunks 10008783 f   libvcruntime:winapi_downlevel.obj
 0001:000077b5       ___vcrt_initialize_pure_virtual_call_handler 100087b5 f   libvcruntime:purevirt_data.obj
 0001:000077e0       __local_unwind4            100087e0 f   libvcruntime:_exsup4_.obj
 0001:000078b6       __seh_longjmp_unwind4@4    100088b6 f   libvcruntime:_exsup4_.obj
 0001:000078de       @_EH4_CallFilterFunc@8     100088de f   libvcruntime:_exsup4_.obj
 0001:000078f5       @_EH4_TransferToHandler@8  100088f5 f   libvcruntime:_exsup4_.obj
 0001:0000790e       @_EH4_GlobalUnwind2@8      1000890e f   libvcruntime:_exsup4_.obj
 0001:00007927       @_EH4_LocalUnwind@16       10008927 f   libvcruntime:_exsup4_.obj
 0001:00007940       __global_unwind2           10008940 f   libvcruntime:_exsup_.obj
 0001:000079a5       __local_unwind2            100089a5 f   libvcruntime:_exsup_.obj
 0001:00007a29       __abnormal_termination     10008a29 f   libvcruntime:_exsup_.obj
 0001:00007a4c       __NLG_Notify1              10008a4c f   libvcruntime:_exsup_.obj
 0001:00007a55       __NLG_Notify               10008a55 f   libvcruntime:_exsup_.obj
 0001:00007a6c       __NLG_Dispatch             10008a6c     libvcruntime:_exsup_.obj
 0001:00007a6c       __NLG_Dispatch2            10008a6c     libvcruntime:_exsup_.obj
 0001:00007a74       __NLG_Call                 10008a74 f   libvcruntime:_exsup_.obj
 0001:00007a76       __NLG_Return2              10008a76     libvcruntime:_exsup_.obj
 0001:00007a77       ___acrt_errno_from_os_error 10008a77 f   libucrt:errno.obj
 0001:00007aba       ___acrt_errno_map_os_error 10008aba f   libucrt:errno.obj
 0001:00007add       ___doserrno                10008add f   libucrt:errno.obj
 0001:00007af0       __errno                    10008af0 f   libucrt:errno.obj
 0001:00008167       ??$ftprintf@PAU_iobuf@@PB_WABQB_WABQB_WABI@?$__crt_char_traits@_W@@SAH$$QAPAU_iobuf@@$$QAPB_WABQB_W2ABI@Z 10009167 f i libucrt:assert.obj
 0001:00008246       __vfwprintf_l              10009246 f i libucrt:assert.obj
 0001:0000826b       __vswprintf_c_l            1000926b f i libucrt:assert.obj
 0001:0000829a       __wassert                  1000929a f   libucrt:assert.obj
 0001:000082e2       _fwprintf                  100092e2 f i libucrt:assert.obj
 0001:000082fd       _swprintf                  100092fd f i libucrt:assert.obj
 0001:0000831b       ___acrt_call_reportfault   1000931b f   libucrt:invalid_parameter.obj
 0001:00008456       ___acrt_initialize_invalid_parameter_handler 10009456 f   libucrt:invalid_parameter.obj
 0001:0000846a       __invalid_parameter        1000946a f   libucrt:invalid_parameter.obj
 0001:000084e5       __invalid_parameter_noinfo 100094e5 f   libucrt:invalid_parameter.obj
 0001:000084f5       __invalid_parameter_noinfo_noreturn 100094f5 f   libucrt:invalid_parameter.obj
 0001:00008512       __invoke_watson            10009512 f   libucrt:invalid_parameter.obj
 0001:00008545       ??$?RV<lambda_ab9923ffb5d694ec0d78876dd103e44f>@@AAV<lambda_481dd5778c961fbcd3b60b650e9b9dc4>@@V<lambda_7923d86c9e3f319b415918ec4b39749c>@@@?$__crt_seh_guarded_call@H@@QAEH$$QAV<lambda_ab9923ffb5d694ec0d78876dd103e44f>@@AAV<lambda_481dd5778c961fbcd3b60b650e9b9dc4>@@$$QAV<lambda_7923d86c9e3f319b415918ec4b39749c>@@@Z 10009545 f i libucrt:output.obj
 0001:00008596       ??$__acrt_lock_stream_and_call@V<lambda_481dd5778c961fbcd3b60b650e9b9dc4>@@@@YAHQAU_iobuf@@$$QAV<lambda_481dd5778c961fbcd3b60b650e9b9dc4>@@@Z 10009596 f i libucrt:output.obj
 0001:000088bf       ??$count@D@formatting_buffer@__crt_stdio_output@@QBEIXZ 100098bf f i libucrt:output.obj
 0001:000088d7       ??$ensure_buffer_is_big_enough@D@formatting_buffer@__crt_stdio_output@@QAE_NI@Z 100098d7 f i libucrt:output.obj
 0001:0000895d       ??$is_wide_character_specifier@D@__crt_stdio_output@@YA_N_KDW4length_modifier@0@@Z 1000995d f i libucrt:output.obj
 0001:0000899d       ??$is_wide_character_specifier@_W@__crt_stdio_output@@YA_N_K_WW4length_modifier@0@@Z 1000999d f i libucrt:output.obj
 0001:000089ec       ??$scratch_data@D@formatting_buffer@__crt_stdio_output@@QAEPADXZ 100099ec f i libucrt:output.obj
 0001:00008a0a       ??$type_case_integer_parse_into_buffer@I@?$output_processor@_WV?$stream_output_adapter@_W@__crt_stdio_output@@V?$standard_base@_WV?$stream_output_adapter@_W@__crt_stdio_output@@@2@@__crt_stdio_output@@AAEXII_N@Z 10009a0a f i libucrt:output.obj
 0001:00008a0a       ??$type_case_integer_parse_into_buffer@I@?$output_processor@_WV?$string_output_adapter@_W@__crt_stdio_output@@V?$standard_base@_WV?$string_output_adapter@_W@__crt_stdio_output@@@2@@__crt_stdio_output@@AAEXII_N@Z 10009a0a f i libucrt:output.obj
 0001:00008a0a       ??$type_case_integer_parse_into_buffer@I@?$output_processor@DV?$string_output_adapter@D@__crt_stdio_output@@V?$standard_base@DV?$string_output_adapter@D@__crt_stdio_output@@@2@@__crt_stdio_output@@AAEXII_N@Z 10009a0a f i libucrt:output.obj
 0001:00008a7f       ??$type_case_integer_parse_into_buffer@_K@?$output_processor@DV?$string_output_adapter@D@__crt_stdio_output@@V?$standard_base@DV?$string_output_adapter@D@__crt_stdio_output@@@2@@__crt_stdio_output@@AAEX_KI_N@Z 10009a7f f i libucrt:output.obj
 0001:00008a7f       ??$type_case_integer_parse_into_buffer@_K@?$output_processor@_WV?$string_output_adapter@_W@__crt_stdio_output@@V?$standard_base@_WV?$string_output_adapter@_W@__crt_stdio_output@@@2@@__crt_stdio_output@@AAEX_KI_N@Z 10009a7f f i libucrt:output.obj
 0001:00008a7f       ??$type_case_integer_parse_into_buffer@_K@?$output_processor@_WV?$stream_output_adapter@_W@__crt_stdio_output@@V?$standard_base@_WV?$stream_output_adapter@_W@__crt_stdio_output@@@2@@__crt_stdio_output@@AAEX_KI_N@Z 10009a7f f i libucrt:output.obj
 0001:00008b07       ??$write_multiple_characters@V?$stream_output_adapter@_W@__crt_stdio_output@@D@__crt_stdio_output@@YAXABV?$stream_output_adapter@_W@0@DHQAH@Z 10009b07 f i libucrt:output.obj
 0001:00008b38       ??$write_multiple_characters@V?$string_output_adapter@D@__crt_stdio_output@@D@__crt_stdio_output@@YAXABV?$string_output_adapter@D@0@DHQAH@Z 10009b38 f i libucrt:output.obj
 0001:00008b64       ??$write_multiple_characters@V?$string_output_adapter@_W@__crt_stdio_output@@D@__crt_stdio_output@@YAXABV?$string_output_adapter@_W@0@DHQAH@Z 10009b64 f i libucrt:output.obj
 0001:00008b95       ??0?$common_data@D@__crt_stdio_output@@IAE@XZ 10009b95 f i libucrt:output.obj
 0001:00008bdc       ??0?$common_data@_W@__crt_stdio_output@@IAE@XZ 10009bdc f i libucrt:output.obj
 0001:00008c28       ??0?$output_adapter_data@DV?$string_output_adapter@D@__crt_stdio_output@@@__crt_stdio_output@@IAE@ABV?$string_output_adapter@D@1@_KQBDQAU__crt_locale_pointers@@QAD@Z 10009c28 f i libucrt:output.obj
 0001:00008c64       ??0?$output_adapter_data@_WV?$stream_output_adapter@_W@__crt_stdio_output@@@__crt_stdio_output@@IAE@ABV?$stream_output_adapter@_W@1@_KQB_WQAU__crt_locale_pointers@@QAD@Z 10009c64 f i libucrt:output.obj
 0001:00008c64       ??0?$output_adapter_data@_WV?$string_output_adapter@_W@__crt_stdio_output@@@__crt_stdio_output@@IAE@ABV?$string_output_adapter@_W@1@_KQB_WQAU__crt_locale_pointers@@QAD@Z 10009c64 f i libucrt:output.obj
 0001:00008ca0       ??0?$output_processor@DV?$string_output_adapter@D@__crt_stdio_output@@V?$standard_base@DV?$string_output_adapter@D@__crt_stdio_output@@@2@@__crt_stdio_output@@QAE@ABV?$string_output_adapter@D@1@_KQBDQAU__crt_locale_pointers@@QAD@Z 10009ca0 f i libucrt:output.obj
 0001:00008cd5       ??0?$output_processor@_WV?$string_output_adapter@_W@__crt_stdio_output@@V?$standard_base@_WV?$string_output_adapter@_W@__crt_stdio_output@@@2@@__crt_stdio_output@@QAE@ABV?$string_output_adapter@_W@1@_KQB_WQAU__crt_locale_pointers@@QAD@Z 10009cd5 f i libucrt:output.obj
 0001:00008cd5       ??0?$output_processor@_WV?$stream_output_adapter@_W@__crt_stdio_output@@V?$standard_base@_WV?$stream_output_adapter@_W@__crt_stdio_output@@@2@@__crt_stdio_output@@QAE@ABV?$stream_output_adapter@_W@1@_KQB_WQAU__crt_locale_pointers@@QAD@Z 10009cd5 f i libucrt:output.obj
 0001:00008d0a       ??0_LocaleUpdate@@QAE@QAU__crt_locale_pointers@@@Z 10009d0a f i libucrt:output.obj
 0001:00008d8d       ??1formatting_buffer@__crt_stdio_output@@QAE@XZ 10009d8d f i libucrt:output.obj
 0001:00008da7       ??4?$__crt_unique_heap_ptr@DU__crt_internal_free_policy@@@@QAEAAV0@$$QAV0@@Z 10009da7 f i libucrt:output.obj
 0001:00008e88       ?crop_zeroes@__crt_stdio_output@@YAXPADQAU__crt_locale_pointers@@@Z 10009e88 f i libucrt:output.obj
 0001:00008edf       ?find_next_state@?$output_processor@DV?$string_output_adapter@D@__crt_stdio_output@@V?$standard_base@DV?$string_output_adapter@D@__crt_stdio_output@@@2@@__crt_stdio_output@@ABE?AW4state@2@DW432@@Z 10009edf f i libucrt:output.obj
 0001:00008f11       ?find_next_state@?$output_processor@_WV?$stream_output_adapter@_W@__crt_stdio_output@@V?$standard_base@_WV?$stream_output_adapter@_W@__crt_stdio_output@@@2@@__crt_stdio_output@@ABE?AW4state@2@_WW432@@Z 10009f11 f i libucrt:output.obj
 0001:00008f11       ?find_next_state@?$output_processor@_WV?$string_output_adapter@_W@__crt_stdio_output@@V?$standard_base@_WV?$string_output_adapter@_W@__crt_stdio_output@@@2@@__crt_stdio_output@@ABE?AW4state@2@_WW432@@Z 10009f11 f i libucrt:output.obj
 0001:00008f45       ?force_decimal_point@__crt_stdio_output@@YAXPADQAU__crt_locale_pointers@@@Z 10009f45 f i libucrt:output.obj
 0001:00008fa1       ?parse_int_from_format_string@?$output_processor@DV?$string_output_adapter@D@__crt_stdio_output@@V?$standard_base@DV?$string_output_adapter@D@__crt_stdio_output@@@2@@__crt_stdio_output@@AAE_NQAH@Z 10009fa1 f i libucrt:output.obj
 0001:00008ffd       ?parse_int_from_format_string@?$output_processor@_WV?$string_output_adapter@_W@__crt_stdio_output@@V?$standard_base@_WV?$string_output_adapter@_W@__crt_stdio_output@@@2@@__crt_stdio_output@@AAE_NQAH@Z 10009ffd f i libucrt:output.obj
 0001:00008ffd       ?parse_int_from_format_string@?$output_processor@_WV?$stream_output_adapter@_W@__crt_stdio_output@@V?$standard_base@_WV?$stream_output_adapter@_W@__crt_stdio_output@@@2@@__crt_stdio_output@@AAE_NQAH@Z 10009ffd f i libucrt:output.obj
 0001:0000905b       ?process@?$output_processor@DV?$string_output_adapter@D@__crt_stdio_output@@V?$standard_base@DV?$string_output_adapter@D@__crt_stdio_output@@@2@@__crt_stdio_output@@QAEHXZ 1000a05b f i libucrt:output.obj
 0001:00009177       ?process@?$output_processor@_WV?$stream_output_adapter@_W@__crt_stdio_output@@V?$standard_base@_WV?$stream_output_adapter@_W@__crt_stdio_output@@@2@@__crt_stdio_output@@QAEHXZ 1000a177 f i libucrt:output.obj
 0001:00009297       ?process@?$output_processor@_WV?$string_output_adapter@_W@__crt_stdio_output@@V?$standard_base@_WV?$string_output_adapter@_W@__crt_stdio_output@@@2@@__crt_stdio_output@@QAEHXZ 1000a297 f i libucrt:output.obj
 0001:000093b7       ?state_case_flag@?$output_processor@DV?$string_output_adapter@D@__crt_stdio_output@@V?$standard_base@DV?$string_output_adapter@D@__crt_stdio_output@@@2@@__crt_stdio_output@@AAE_NXZ 1000a3b7 f i libucrt:output.obj
 0001:000093f4       ?state_case_flag@?$output_processor@_WV?$string_output_adapter@_W@__crt_stdio_output@@V?$standard_base@_WV?$string_output_adapter@_W@__crt_stdio_output@@@2@@__crt_stdio_output@@AAE_NXZ 1000a3f4 f i libucrt:output.obj
 0001:000093f4       ?state_case_flag@?$output_processor@_WV?$stream_output_adapter@_W@__crt_stdio_output@@V?$standard_base@_WV?$stream_output_adapter@_W@__crt_stdio_output@@@2@@__crt_stdio_output@@AAE_NXZ 1000a3f4 f i libucrt:output.obj
 0001:00009431       ?state_case_normal@?$output_processor@DV?$string_output_adapter@D@__crt_stdio_output@@V?$standard_base@DV?$string_output_adapter@D@__crt_stdio_output@@@2@@__crt_stdio_output@@AAE_NXZ 1000a431 f i libucrt:output.obj
 0001:00009450       ?state_case_normal@?$output_processor@_WV?$stream_output_adapter@_W@__crt_stdio_output@@V?$standard_base@_WV?$stream_output_adapter@_W@__crt_stdio_output@@@2@@__crt_stdio_output@@AAE_NXZ 1000a450 f i libucrt:output.obj
 0001:0000946f       ?state_case_normal@?$output_processor@_WV?$string_output_adapter@_W@__crt_stdio_output@@V?$standard_base@_WV?$string_output_adapter@_W@__crt_stdio_output@@@2@@__crt_stdio_output@@AAE_NXZ 1000a46f f i libucrt:output.obj
 0001:0000948e       ?state_case_normal_common@?$output_processor@DV?$string_output_adapter@D@__crt_stdio_output@@V?$standard_base@DV?$string_output_adapter@D@__crt_stdio_output@@@2@@__crt_stdio_output@@AAE_NXZ 1000a48e f i libucrt:output.obj
 0001:000094b8       ?state_case_normal_common@?$output_processor@_WV?$stream_output_adapter@_W@__crt_stdio_output@@V?$standard_base@_WV?$stream_output_adapter@_W@__crt_stdio_output@@@2@@__crt_stdio_output@@AAE_NXZ 1000a4b8 f i libucrt:output.obj
 0001:000094d3       ?state_case_normal_common@?$output_processor@_WV?$string_output_adapter@_W@__crt_stdio_output@@V?$standard_base@_WV?$string_output_adapter@_W@__crt_stdio_output@@@2@@__crt_stdio_output@@AAE_NXZ 1000a4d3 f i libucrt:output.obj
 0001:000094ee       ?state_case_normal_tchar@?$output_processor@DV?$string_output_adapter@D@__crt_stdio_output@@V?$standard_base@DV?$string_output_adapter@D@__crt_stdio_output@@@2@@__crt_stdio_output@@AAE_ND@Z 1000a4ee f i libucrt:output.obj
 0001:0000954f       ?state_case_precision@?$output_processor@DV?$string_output_adapter@D@__crt_stdio_output@@V?$standard_base@DV?$string_output_adapter@D@__crt_stdio_output@@@2@@__crt_stdio_output@@AAE_NXZ 1000a54f f i libucrt:output.obj
 0001:00009577       ?state_case_precision@?$output_processor@_WV?$string_output_adapter@_W@__crt_stdio_output@@V?$standard_base@_WV?$string_output_adapter@_W@__crt_stdio_output@@@2@@__crt_stdio_output@@AAE_NXZ 1000a577 f i libucrt:output.obj
 0001:00009577       ?state_case_precision@?$output_processor@_WV?$stream_output_adapter@_W@__crt_stdio_output@@V?$standard_base@_WV?$stream_output_adapter@_W@__crt_stdio_output@@@2@@__crt_stdio_output@@AAE_NXZ 1000a577 f i libucrt:output.obj
 0001:000095a0       ?state_case_size@?$output_processor@DV?$string_output_adapter@D@__crt_stdio_output@@V?$standard_base@DV?$string_output_adapter@D@__crt_stdio_output@@@2@@__crt_stdio_output@@AAE_NXZ 1000a5a0 f i libucrt:output.obj
 0001:00009709       ?state_case_size@?$output_processor@_WV?$stream_output_adapter@_W@__crt_stdio_output@@V?$standard_base@_WV?$stream_output_adapter@_W@__crt_stdio_output@@@2@@__crt_stdio_output@@AAE_NXZ 1000a709 f i libucrt:output.obj
 0001:00009885       ?state_case_size@?$output_processor@_WV?$string_output_adapter@_W@__crt_stdio_output@@V?$standard_base@_WV?$string_output_adapter@_W@__crt_stdio_output@@@2@@__crt_stdio_output@@AAE_NXZ 1000a885 f i libucrt:output.obj
 0001:00009a01       ?state_case_type@?$output_processor@DV?$string_output_adapter@D@__crt_stdio_output@@V?$standard_base@DV?$string_output_adapter@D@__crt_stdio_output@@@2@@__crt_stdio_output@@AAE_NXZ 1000aa01 f i libucrt:output.obj
 0001:00009c30       ?state_case_type@?$output_processor@_WV?$stream_output_adapter@_W@__crt_stdio_output@@V?$standard_base@_WV?$stream_output_adapter@_W@__crt_stdio_output@@@2@@__crt_stdio_output@@AAE_NXZ 1000ac30 f i libucrt:output.obj
 0001:00009e8d       ?state_case_type@?$output_processor@_WV?$string_output_adapter@_W@__crt_stdio_output@@V?$standard_base@_WV?$string_output_adapter@_W@__crt_stdio_output@@@2@@__crt_stdio_output@@AAE_NXZ 1000ae8d f i libucrt:output.obj
 0001:0000a0ea       ?state_case_width@?$output_processor@DV?$string_output_adapter@D@__crt_stdio_output@@V?$standard_base@DV?$string_output_adapter@D@__crt_stdio_output@@@2@@__crt_stdio_output@@AAE_NXZ 1000b0ea f i libucrt:output.obj
 0001:0000a115       ?state_case_width@?$output_processor@_WV?$string_output_adapter@_W@__crt_stdio_output@@V?$standard_base@_WV?$string_output_adapter@_W@__crt_stdio_output@@@2@@__crt_stdio_output@@AAE_NXZ 1000b115 f i libucrt:output.obj
 0001:0000a115       ?state_case_width@?$output_processor@_WV?$stream_output_adapter@_W@__crt_stdio_output@@V?$standard_base@_WV?$stream_output_adapter@_W@__crt_stdio_output@@@2@@__crt_stdio_output@@AAE_NXZ 1000b115 f i libucrt:output.obj
 0001:0000a141       ?to_integer_size@__crt_stdio_output@@YAIW4length_modifier@1@@Z 1000b141 f i libucrt:output.obj
 0001:0000a19d       ?type_case_Z@?$output_processor@DV?$string_output_adapter@D@__crt_stdio_output@@V?$standard_base@DV?$string_output_adapter@D@__crt_stdio_output@@@2@@__crt_stdio_output@@AAE_NXZ 1000b19d f i libucrt:output.obj
 0001:0000a200       ?type_case_Z@?$output_processor@_WV?$stream_output_adapter@_W@__crt_stdio_output@@V?$standard_base@_WV?$stream_output_adapter@_W@__crt_stdio_output@@@2@@__crt_stdio_output@@AAE_NXZ 1000b200 f i libucrt:output.obj
 0001:0000a200       ?type_case_Z@?$output_processor@_WV?$string_output_adapter@_W@__crt_stdio_output@@V?$standard_base@_WV?$string_output_adapter@_W@__crt_stdio_output@@@2@@__crt_stdio_output@@AAE_NXZ 1000b200 f i libucrt:output.obj
 0001:0000a263       ?type_case_a@?$output_processor@DV?$string_output_adapter@D@__crt_stdio_output@@V?$standard_base@DV?$string_output_adapter@D@__crt_stdio_output@@@2@@__crt_stdio_output@@AAE_NXZ 1000b263 f i libucrt:output.obj
 0001:0000a3bd       ?type_case_a@?$output_processor@_WV?$stream_output_adapter@_W@__crt_stdio_output@@V?$standard_base@_WV?$stream_output_adapter@_W@__crt_stdio_output@@@2@@__crt_stdio_output@@AAE_NXZ 1000b3bd f i libucrt:output.obj
 0001:0000a3bd       ?type_case_a@?$output_processor@_WV?$string_output_adapter@_W@__crt_stdio_output@@V?$standard_base@_WV?$string_output_adapter@_W@__crt_stdio_output@@@2@@__crt_stdio_output@@AAE_NXZ 1000b3bd f i libucrt:output.obj
 0001:0000a52f       ?type_case_c_tchar@?$output_processor@DV?$string_output_adapter@D@__crt_stdio_output@@V?$standard_base@DV?$string_output_adapter@D@__crt_stdio_output@@@2@@__crt_stdio_output@@AAE_ND@Z 1000b52f f i libucrt:output.obj
 0001:0000a5bf       ?type_case_c_tchar@?$output_processor@_WV?$stream_output_adapter@_W@__crt_stdio_output@@V?$standard_base@_WV?$stream_output_adapter@_W@__crt_stdio_output@@@2@@__crt_stdio_output@@AAE_N_W@Z 1000b5bf f i libucrt:output.obj
 0001:0000a5bf       ?type_case_c_tchar@?$output_processor@_WV?$string_output_adapter@_W@__crt_stdio_output@@V?$standard_base@_WV?$string_output_adapter@_W@__crt_stdio_output@@@2@@__crt_stdio_output@@AAE_N_W@Z 1000b5bf f i libucrt:output.obj
 0001:0000a657       ?type_case_integer@?$output_processor@_WV?$string_output_adapter@_W@__crt_stdio_output@@V?$standard_base@_WV?$string_output_adapter@_W@__crt_stdio_output@@@2@@__crt_stdio_output@@AAE_NI_N@Z 1000b657 f i libucrt:output.obj
 0001:0000a657       ?type_case_integer@?$output_processor@DV?$string_output_adapter@D@__crt_stdio_output@@V?$standard_base@DV?$string_output_adapter@D@__crt_stdio_output@@@2@@__crt_stdio_output@@AAE_NI_N@Z 1000b657 f i libucrt:output.obj
 0001:0000a657       ?type_case_integer@?$output_processor@_WV?$stream_output_adapter@_W@__crt_stdio_output@@V?$standard_base@_WV?$stream_output_adapter@_W@__crt_stdio_output@@@2@@__crt_stdio_output@@AAE_NI_N@Z 1000b657 f i libucrt:output.obj
 0001:0000a7a1       ?type_case_n@?$output_processor@DV?$string_output_adapter@D@__crt_stdio_output@@V?$standard_base@DV?$string_output_adapter@D@__crt_stdio_output@@@2@@__crt_stdio_output@@AAE_NXZ 1000b7a1 f i libucrt:output.obj
 0001:0000a7a1       ?type_case_n@?$output_processor@_WV?$string_output_adapter@_W@__crt_stdio_output@@V?$standard_base@_WV?$string_output_adapter@_W@__crt_stdio_output@@@2@@__crt_stdio_output@@AAE_NXZ 1000b7a1 f i libucrt:output.obj
 0001:0000a7a1       ?type_case_n@?$output_processor@_WV?$stream_output_adapter@_W@__crt_stdio_output@@V?$standard_base@_WV?$stream_output_adapter@_W@__crt_stdio_output@@@2@@__crt_stdio_output@@AAE_NXZ 1000b7a1 f i libucrt:output.obj
 0001:0000a815       ?type_case_o@?$output_processor@DV?$string_output_adapter@D@__crt_stdio_output@@V?$standard_base@DV?$string_output_adapter@D@__crt_stdio_output@@@2@@__crt_stdio_output@@AAE_NXZ 1000b815 f i libucrt:output.obj
 0001:0000a815       ?type_case_o@?$output_processor@_WV?$string_output_adapter@_W@__crt_stdio_output@@V?$standard_base@_WV?$string_output_adapter@_W@__crt_stdio_output@@@2@@__crt_stdio_output@@AAE_NXZ 1000b815 f i libucrt:output.obj
 0001:0000a815       ?type_case_o@?$output_processor@_WV?$stream_output_adapter@_W@__crt_stdio_output@@V?$standard_base@_WV?$stream_output_adapter@_W@__crt_stdio_output@@@2@@__crt_stdio_output@@AAE_NXZ 1000b815 f i libucrt:output.obj
 0001:0000a834       ?type_case_p@?$output_processor@DV?$string_output_adapter@D@__crt_stdio_output@@V?$standard_base@DV?$string_output_adapter@D@__crt_stdio_output@@@2@@__crt_stdio_output@@AAE_NXZ 1000b834 f i libucrt:output.obj
 0001:0000a834       ?type_case_p@?$output_processor@_WV?$stream_output_adapter@_W@__crt_stdio_output@@V?$standard_base@_WV?$stream_output_adapter@_W@__crt_stdio_output@@@2@@__crt_stdio_output@@AAE_NXZ 1000b834 f i libucrt:output.obj
 0001:0000a834       ?type_case_p@?$output_processor@_WV?$string_output_adapter@_W@__crt_stdio_output@@V?$standard_base@_WV?$string_output_adapter@_W@__crt_stdio_output@@@2@@__crt_stdio_output@@AAE_NXZ 1000b834 f i libucrt:output.obj
 0001:0000a84c       ?type_case_s@?$output_processor@DV?$string_output_adapter@D@__crt_stdio_output@@V?$standard_base@DV?$string_output_adapter@D@__crt_stdio_output@@@2@@__crt_stdio_output@@AAE_NXZ 1000b84c f i libucrt:output.obj
 0001:0000a8bf       ?type_case_s@?$output_processor@_WV?$stream_output_adapter@_W@__crt_stdio_output@@V?$standard_base@_WV?$stream_output_adapter@_W@__crt_stdio_output@@@2@@__crt_stdio_output@@AAE_NXZ 1000b8bf f i libucrt:output.obj
 0001:0000a8bf       ?type_case_s@?$output_processor@_WV?$string_output_adapter@_W@__crt_stdio_output@@V?$standard_base@_WV?$string_output_adapter@_W@__crt_stdio_output@@@2@@__crt_stdio_output@@AAE_NXZ 1000b8bf f i libucrt:output.obj
 0001:0000a933       ?type_case_s_compute_narrow_string_length@?$output_processor@_WV?$string_output_adapter@_W@__crt_stdio_output@@V?$standard_base@_WV?$string_output_adapter@_W@__crt_stdio_output@@@2@@__crt_stdio_output@@ABEHH_W@Z 1000b933 f i libucrt:output.obj
 0001:0000a933       ?type_case_s_compute_narrow_string_length@?$output_processor@_WV?$stream_output_adapter@_W@__crt_stdio_output@@V?$standard_base@_WV?$stream_output_adapter@_W@__crt_stdio_output@@@2@@__crt_stdio_output@@ABEHH_W@Z 1000b933 f i libucrt:output.obj
 0001:0000a973       ?validate@?$string_output_adapter@_W@__crt_stdio_output@@QBE_NXZ 1000b973 f i libucrt:output.obj
 0001:0000a973       ?validate@?$stream_output_adapter@_W@__crt_stdio_output@@QBE_NXZ 1000b973 f i libucrt:output.obj
 0001:0000a973       ?validate@?$c_string_character_source@_W@__crt_strtox@@QBE_NXZ 1000b973 f i libucrt:atox.obj
 0001:0000a973       ?validate@?$string_output_adapter@D@__crt_stdio_output@@QBE_NXZ 1000b973 f i libucrt:output.obj
 0001:0000a973       ?validate@?$c_string_character_source@D@__crt_strtox@@QBE_NXZ 1000b973 f i libucrt:atox.obj
 0001:0000a98e       ?write_character@?$stream_output_adapter@_W@__crt_stdio_output@@QBEX_WQAH@Z 1000b98e f i libucrt:output.obj
 0001:0000a9ce       ?write_character@?$string_output_adapter@D@__crt_stdio_output@@QBE_NDQAH@Z 1000b9ce f i libucrt:output.obj
 0001:0000aa10       ?write_character@?$string_output_adapter@_W@__crt_stdio_output@@QBE_N_WQAH@Z 1000ba10 f i libucrt:output.obj
 0001:0000aa55       ?write_stored_string_tchar@?$output_processor@DV?$string_output_adapter@D@__crt_stdio_output@@V?$standard_base@DV?$string_output_adapter@D@__crt_stdio_output@@@2@@__crt_stdio_output@@AAE_ND@Z 1000ba55 f i libucrt:output.obj
 0001:0000aafc       ?write_stored_string_tchar@?$output_processor@_WV?$stream_output_adapter@_W@__crt_stdio_output@@V?$standard_base@_WV?$stream_output_adapter@_W@__crt_stdio_output@@@2@@__crt_stdio_output@@AAE_N_W@Z 1000bafc f i libucrt:output.obj
 0001:0000ab87       ?write_stored_string_tchar@?$output_processor@_WV?$string_output_adapter@_W@__crt_stdio_output@@V?$standard_base@_WV?$string_output_adapter@_W@__crt_stdio_output@@@2@@__crt_stdio_output@@AAE_N_W@Z 1000bb87 f i libucrt:output.obj
 0001:0000ac12       ?write_string@?$stream_output_adapter@_W@__crt_stdio_output@@QBEXQB_WHQAH1@Z 1000bc12 f i libucrt:output.obj
 0001:0000ac9f       ?write_string@?$string_output_adapter@D@__crt_stdio_output@@QBEXQBDHQAH1@Z 1000bc9f f i libucrt:output.obj
 0001:0000ad32       ?write_string@?$string_output_adapter@_W@__crt_stdio_output@@QBEXQB_WHQAH1@Z 1000bd32 f i libucrt:output.obj
 0001:0000adcc       ___stdio_common_vfwprintf  1000bdcc f   libucrt:output.obj
 0001:0000ae43       ___stdio_common_vsprintf   1000be43 f   libucrt:output.obj
 0001:0000ae67       ___stdio_common_vswprintf  1000be67 f   libucrt:output.obj
 0001:0000ae8b       _free                      1000be8b f   libucrt:free.obj
 0001:0000ae90       _malloc                    1000be90 f   libucrt:malloc.obj
 0001:0000ae9b       ___ascii_stricmp           1000be9b f   libucrt:stricmp.obj
 0001:0000aed6       __stricmp                  1000bed6 f   libucrt:stricmp.obj
 0001:0000af1e       __stricmp_l                1000bf1e f   libucrt:stricmp.obj
 0001:0000afb8       _abort                     1000bfb8 f   libucrt:abort.obj
 0001:0000affb       ___acrt_initialize_new_handler 1000bffb f   libucrt:new_handler.obj
 0001:0000b00f       __callnewh                 1000c00f f   libucrt:new_handler.obj
 0001:0000b053       __query_new_handler        1000c053 f   libucrt:new_handler.obj
 0001:0000b0a5       __seh_filter_dll           1000c0a5 f   libucrt:exception_filter.obj
 0001:0000b0c5       __seh_filter_exe           1000c0c5 f   libucrt:exception_filter.obj
 0001:0000b453       ___acrt_initialize_thread_local_exit_callback 1000c453 f   libucrt:exit.obj
 0001:0000b462       __cexit                    1000c462 f   libucrt:exit.obj
 0001:0000b471       __exit                     1000c471 f   libucrt:exit.obj
 0001:0000b487       __is_c_termination_complete 1000c487 f   libucrt:exit.obj
 0001:0000b726       ___acrt_allocate_buffer_for_argv 1000c726 f   libucrt:argv_parsing.obj
 0001:0000b77b       __configure_narrow_argv    1000c77b f   libucrt:argv_parsing.obj
 0001:0000b8df       ??$uninitialize@A6AXAAPAPAD@Z@?$dual_state_global@PAPAD@__crt_state_management@@QAEXA6AXAAPAPAD@Z@Z 1000c8df f i libucrt:environment_initialization.obj
 0001:0000b8df       ??$uninitialize@A6AXAAPAPA_W@Z@?$dual_state_global@PAPA_W@__crt_state_management@@QAEXA6AXAAPAPA_W@Z@Z 1000c8df f i libucrt:environment_initialization.obj
 0001:0000b955       ?initialize@?$dual_state_global@P6AXPB_W00II@Z@__crt_state_management@@QAEXQ6AXPB_W00II@Z@Z 1000c955 f i libucrt:invalid_parameter.obj
 0001:0000b955       ?initialize@?$dual_state_global@PAPAD@__crt_state_management@@QAEXQAPAD@Z 1000c955 f i libucrt:environment_initialization.obj
 0001:0000b955       ?initialize@?$dual_state_global@P6AXH@Z@__crt_state_management@@QAEXQ6AXH@Z@Z 1000c955 f i libucrt:signal.obj
 0001:0000b955       ?initialize@?$dual_state_global@P6AHI@Z@__crt_state_management@@QAEXQ6AHI@Z@Z 1000c955 f i libucrt:new_handler.obj
 0001:0000b955       ?initialize@?$dual_state_global@PAU__crt_locale_data@@@__crt_state_management@@QAEXQAU__crt_locale_data@@@Z 1000c955 f i libucrt:initialization.obj
 0001:0000b955       ?initialize@?$dual_state_global@P6AHPAU_exception@@@Z@__crt_state_management@@QAEXQ6AHPAU_exception@@@Z@Z 1000c955 f i libucrt:matherr.obj
 0001:0000b986       ___dcrt_uninitialize_environments_nolock 1000c986 f   libucrt:environment_initialization.obj
 0001:0000b9bd       __initialize_narrow_environment 1000c9bd f   libucrt:environment_initialization.obj
 0001:0000b9c2       ??$?RV<lambda_800076c951b434888f4765a74a194fcc>@@AAV<lambda_4e60a939b0d047cfe11ddc22648dfba9>@@V<lambda_6dbb1268764f43b569ce7b67e331d33a>@@@?$__crt_seh_guarded_call@H@@QAEH$$QAV<lambda_800076c951b434888f4765a74a194fcc>@@AAV<lambda_4e60a939b0d047cfe11ddc22648dfba9>@@$$QAV<lambda_6dbb1268764f43b569ce7b67e331d33a>@@@Z 1000c9c2 f i libucrt:onexit.obj
 0001:0000ba13       ??$?RV<lambda_995298e7d72eb4c2aab26c0585b3abe5>@@AAV<lambda_275893d493268fdec8709772e3fcec0e>@@V<lambda_293819299cbf9a7022e18b56a874bb5c>@@@?$__crt_seh_guarded_call@H@@QAEH$$QAV<lambda_995298e7d72eb4c2aab26c0585b3abe5>@@AAV<lambda_275893d493268fdec8709772e3fcec0e>@@$$QAV<lambda_293819299cbf9a7022e18b56a874bb5c>@@@Z 1000ca13 f i libucrt:onexit.obj
 0001:0000ba64       ??$__acrt_lock_and_call@V<lambda_275893d493268fdec8709772e3fcec0e>@@@@YAHW4__acrt_lock_id@@$$QAV<lambda_275893d493268fdec8709772e3fcec0e>@@@Z 1000ca64 f i libucrt:onexit.obj
 0001:0000ba8c       ??$__acrt_lock_and_call@V<lambda_4e60a939b0d047cfe11ddc22648dfba9>@@@@YAHW4__acrt_lock_id@@$$QAV<lambda_4e60a939b0d047cfe11ddc22648dfba9>@@@Z 1000ca8c f i libucrt:onexit.obj
 0001:0000bab4       ??$__crt_fast_encode_pointer@P6AHXZ@@YAP6AHXZQ6AHXZ@Z 1000cab4 f i libucrt:onexit.obj
 0001:0000bd34       __crt_atexit               1000cd34 f   libucrt:onexit.obj
 0001:0000bd4a       __execute_onexit_table     1000cd4a f   libucrt:onexit.obj
 0001:0000bd67       __initialize_onexit_table  1000cd67 f   libucrt:onexit.obj
 0001:0000bda4       __register_onexit_function 1000cda4 f   libucrt:onexit.obj
 0001:0000bdf4       ___acrt_uninitialize_command_line 1000cdf4 f   libucrt:argv_data.obj
 0001:0000bebc       ___acrt_initialize         1000cebc f   libucrt:initialization.obj
 0001:0000bece       ___acrt_thread_attach      1000cece f   libucrt:initialization.obj
 0001:0000bed9       ___acrt_thread_detach      1000ced9 f   libucrt:initialization.obj
 0001:0000bee1       ___acrt_uninitialize       1000cee1 f   libucrt:initialization.obj
 0001:0000bef3       ___acrt_uninitialize_critical 1000cef3 f   libucrt:initialization.obj
 0001:0000bf05       __initterm                 1000cf05 f   libucrt:initterm.obj
 0001:0000bf61       __initterm_e               1000cf61 f   libucrt:initterm.obj
 0001:0000bfa6       _terminate                 1000cfa6 f   libucrt:terminate.obj
 0001:0000bfe2       _strcpy_s                  1000cfe2 f   libucrt:strcpy_s.obj
 0001:0000c03c       __free_base                1000d03c f   libucrt:free_base.obj
 0001:0000c076       __malloc_base              1000d076 f   libucrt:malloc_base.obj
 0001:0000c0c4       __calloc_base              1000d0c4 f   libucrt:calloc_base.obj
 0001:0000c121       ??$is_overflow_condition@K@__crt_strtox@@YA_NIK@Z 1000d121 f i libucrt:atox.obj
 0001:0000c154       ??$parse_integer@KV?$c_string_character_source@D@__crt_strtox@@@__crt_strtox@@YAKQAU__crt_locale_pointers@@V?$c_string_character_source@D@0@H_N@Z 1000d154 f i libucrt:atox.obj
 0001:0000c37c       ??$parse_integer@KV?$c_string_character_source@_W@__crt_strtox@@@__crt_strtox@@YAKQAU__crt_locale_pointers@@V?$c_string_character_source@_W@0@H_N@Z 1000d37c f i libucrt:atox.obj
 0001:0000ca61       ?unget@?$c_string_character_source@D@__crt_strtox@@QAEXD@Z 1000da61 f i libucrt:atox.obj
 0001:0000ca89       ?unget@?$c_string_character_source@_W@__crt_strtox@@QAEX_W@Z 1000da89 f i libucrt:atox.obj
 0001:0000cab5       __chvalidchk_l             1000dab5 f i libucrt:atox.obj
 0001:0000cadf       __ischartype_l             1000dadf f i libucrt:atox.obj
 0001:0000cb12       ??$?RV<lambda_3518db117f0e7cdb002338c5d3c47b6c>@@AAV<lambda_b2ea41f6bbb362cd97d94c6828d90b61>@@V<lambda_abdedf541bb04549bc734292b4a045d4>@@@?$__crt_seh_guarded_call@X@@QAEX$$QAV<lambda_3518db117f0e7cdb002338c5d3c47b6c>@@AAV<lambda_b2ea41f6bbb362cd97d94c6828d90b61>@@$$QAV<lambda_abdedf541bb04549bc734292b4a045d4>@@@Z 1000db12 f i libucrt:per_thread_data.obj
 0001:0000cb62       ??$?RV<lambda_51b6e8b1eb166f2a3faf91f424b38130>@@AAV<lambda_6250bd4b2a391816dd638c3bf72b0bcb>@@V<lambda_0b5a4a3e68152e1d9b943535f5f47bed>@@@?$__crt_seh_guarded_call@X@@QAEX$$QAV<lambda_51b6e8b1eb166f2a3faf91f424b38130>@@AAV<lambda_6250bd4b2a391816dd638c3bf72b0bcb>@@$$QAV<lambda_0b5a4a3e68152e1d9b943535f5f47bed>@@@Z 1000db62 f i libucrt:per_thread_data.obj
 0001:0000cbc3       ??$?RV<lambda_5b71d36f03204c0beab531769a5b5694>@@AAV<lambda_be2b3da3f62db62e9dad5dc70221a656>@@V<lambda_8f9ce462984622f9bf76b59e2aaaf805>@@@?$__crt_seh_guarded_call@X@@QAEX$$QAV<lambda_5b71d36f03204c0beab531769a5b5694>@@AAV<lambda_be2b3da3f62db62e9dad5dc70221a656>@@$$QAV<lambda_8f9ce462984622f9bf76b59e2aaaf805>@@@Z 1000dbc3 f i libucrt:per_thread_data.obj
 0001:0000cc0e       ??$?RV<lambda_9df27f884b057bc3edfc946cb5b7cf47>@@AAV<lambda_e69574bed617af4e071282c136b37893>@@V<lambda_cc0d902bcbbeb830f749456577db4721>@@@?$__crt_seh_guarded_call@X@@QAEX$$QAV<lambda_9df27f884b057bc3edfc946cb5b7cf47>@@AAV<lambda_e69574bed617af4e071282c136b37893>@@$$QAV<lambda_cc0d902bcbbeb830f749456577db4721>@@@Z 1000dc0e f i libucrt:per_thread_data.obj
 0001:0000cc56       ??$__acrt_lock_and_call@V<lambda_6250bd4b2a391816dd638c3bf72b0bcb>@@@@YAXW4__acrt_lock_id@@$$QAV<lambda_6250bd4b2a391816dd638c3bf72b0bcb>@@@Z 1000dc56 f i libucrt:per_thread_data.obj
 0001:0000cc7e       ??$__acrt_lock_and_call@V<lambda_b2ea41f6bbb362cd97d94c6828d90b61>@@@@YAXW4__acrt_lock_id@@$$QAV<lambda_b2ea41f6bbb362cd97d94c6828d90b61>@@@Z 1000dc7e f i libucrt:per_thread_data.obj
 0001:0000cca6       ??$__acrt_lock_and_call@V<lambda_be2b3da3f62db62e9dad5dc70221a656>@@@@YAXW4__acrt_lock_id@@$$QAV<lambda_be2b3da3f62db62e9dad5dc70221a656>@@@Z 1000dca6 f i libucrt:per_thread_data.obj
 0001:0000ccce       ??$__acrt_lock_and_call@V<lambda_e69574bed617af4e071282c136b37893>@@@@YAXW4__acrt_lock_id@@$$QAV<lambda_e69574bed617af4e071282c136b37893>@@@Z 1000dcce f i libucrt:per_thread_data.obj
 0001:0000ce84       ___acrt_freeptd            1000de84 f   libucrt:per_thread_data.obj
 0001:0000ceb0       ___acrt_getptd             1000deb0 f   libucrt:per_thread_data.obj
 0001:0000cf34       ___acrt_getptd_noexit      1000df34 f   libucrt:per_thread_data.obj
 0001:0000cfb9       ___acrt_initialize_ptd     1000dfb9 f   libucrt:per_thread_data.obj
 0001:0000cfe5       ___acrt_uninitialize_ptd   1000dfe5 f   libucrt:per_thread_data.obj
 0001:0000cfff       __query_app_type           1000dfff f   libucrt:report_runtime_error.obj
 0001:0000d0f2       __itow_s                   1000e0f2 f   libucrt:xtoa.obj
 0001:0000d127       __set_error_mode           1000e127 f   libucrt:set_error_mode.obj
 0001:0000d166       _wcscat_s                  1000e166 f   libucrt:wcscat_s.obj
 0001:0000d1db       _wcscpy_s                  1000e1db f   libucrt:wcscpy_s.obj
 0001:0000d328       _wcsncat_s                 1000e328 f   libucrt:wcsncat_s.obj
 0001:0000d42e       ___acrt_show_wide_message_box 1000e42e f   libucrt:crtmbox.obj
 0001:0000d439       ___acrt_initialize_stdio   1000e439 f   libucrt:_file.obj
 0001:0000d501       ___acrt_iob_func           1000e501 f   libucrt:_file.obj
 0001:0000d511       ___acrt_uninitialize_stdio 1000e511 f   libucrt:_file.obj
 0001:0000d55d       __lock_file                1000e55d f   libucrt:_file.obj
 0001:0000d571       __unlock_file              1000e571 f   libucrt:_file.obj
 0001:0000d585       ___acrt_stdio_flush_nolock 1000e585 f   libucrt:fflush.obj
 0001:0000d5eb       __fflush_nolock            1000e5eb f   libucrt:fflush.obj
 0001:0000d632       __flushall                 1000e632 f   libucrt:fflush.obj
 0001:0000d713       _fflush                    1000e713 f   libucrt:fflush.obj
 0001:0000d76c       ??$?RV<lambda_d92cfe8357b99225085016881b624cb0>@@AAV<lambda_b721fa326cdb32351d23dfa67958c160>@@V<lambda_42d75b0848218ec137fa420c8ba9fdf9>@@@?$__crt_seh_guarded_call@H@@QAEH$$QAV<lambda_d92cfe8357b99225085016881b624cb0>@@AAV<lambda_b721fa326cdb32351d23dfa67958c160>@@$$QAV<lambda_42d75b0848218ec137fa420c8ba9fdf9>@@@Z 1000e76c f i libucrt:setvbuf.obj
 0001:0000d7bd       ??$__acrt_lock_stream_and_call@V<lambda_b721fa326cdb32351d23dfa67958c160>@@@@YAHQAU_iobuf@@$$QAV<lambda_b721fa326cdb32351d23dfa67958c160>@@@Z 1000e7bd f i libucrt:setvbuf.obj
 0001:0000d8b2       _setvbuf                   1000e8b2 f   libucrt:setvbuf.obj
 0001:0000d928       ??$?RV<lambda_a048d3beccc847880fc8490e18b82769>@@AAV<lambda_ec61778202f4f5fc7e7711acc23c3bca>@@V<lambda_f7496a158712204296dd6628a163878e>@@@?$__crt_seh_guarded_call@P6AXH@Z@@QAEP6AXH@Z$$QAV<lambda_a048d3beccc847880fc8490e18b82769>@@AAV<lambda_ec61778202f4f5fc7e7711acc23c3bca>@@$$QAV<lambda_f7496a158712204296dd6628a163878e>@@@Z 1000e928 f i libucrt:signal.obj
 0001:0000d982       ??$__acrt_lock_and_call@V<lambda_ec61778202f4f5fc7e7711acc23c3bca>@@@@YAP6AXH@ZW4__acrt_lock_id@@$$QAV<lambda_ec61778202f4f5fc7e7711acc23c3bca>@@@Z 1000e982 f i libucrt:signal.obj
 0001:0000da14       ___acrt_get_sigabrt_handler 1000ea14 f   libucrt:signal.obj
 0001:0000da2b       ___acrt_initialize_signal_handlers 1000ea2b f   libucrt:signal.obj
 0001:0000da66       ___fpecode                 1000ea66 f   libucrt:signal.obj
 0001:0000da6f       _raise                     1000ea6f f   libucrt:signal.obj
 0001:0000dc77       __isdigit_l                1000ec77 f i libucrt:_ctype.obj
 0001:0000dcaf       _isdigit                   1000ecaf f i libucrt:_ctype.obj
 0001:0000de43       __tolower_l                1000ee43 f   libucrt:tolower_toupper.obj
 0001:0000de5d       _tolower                   1000ee5d f   libucrt:tolower_toupper.obj
 0001:0000de8d       ??$make_c_string_character_source@_WPAPA_W@__crt_strtox@@YA?AV?$c_string_character_source@_W@0@QB_WQAPA_W@Z 1000ee8d f i libucrt:strtox.obj
 0001:0000de8d       ??$make_c_string_character_source@DPAPAD@__crt_strtox@@YA?AV?$c_string_character_source@D@0@QBDQAPAD@Z 1000ee8d f i libucrt:strtox.obj
 0001:0000dea8       _strtol                    1000eea8 f   libucrt:strtox.obj
 0001:0000ded4       _wcstol                    1000eed4 f   libucrt:strtox.obj
 0001:0000df00       __mbtowc_l                 1000ef00 f   libucrt:mbtowc.obj
 0001:0000dffa       _mbtowc                    1000effa f   libucrt:mbtowc.obj
 0001:0000e014       __wctomb_s_l               1000f014 f   libucrt:wctomb.obj
 0001:0000e135       _wctomb_s                  1000f135 f   libucrt:wctomb.obj
 0001:0000e152       _strnlen                   1000f152 f   libucrt:strnlen.obj
 0001:0000e279       _wcsnlen                   1000f279 f   libucrt:strnlen.obj
 0001:0000e430       ___acrt_update_locale_info 1000f430 f   libucrt:locale_update.obj
 0001:0000e45d       ___acrt_update_multibyte_info 1000f45d f   libucrt:locale_update.obj
 0001:0000e48a       ?__acrt_fp_classify@@YA?AW4__acrt_fp_class@@ABN@Z 1000f48a f i libucrt:cvt.obj
 0001:0000e4f6       ?__acrt_fp_is_negative@@YA_NABN@Z 1000f4f6 f i libucrt:cvt.obj
 0001:0000ed55       ___acrt_fp_format          1000fd55 f   libucrt:cvt.obj
 0001:0000eed1       __fputwc_nolock            1000fed1 f   libucrt:fputwc.obj
 0001:0000eff7       __fileno                   1000fff7 f   libucrt:fileno.obj
 0001:0000f01d       __fputc_nolock             1001001d f   libucrt:fputc.obj
 0001:0000f046       __get_printf_count_output  10010046 f   libucrt:printf_count_output.obj
 0001:0000f05b       ___acrt_stdio_begin_temporary_buffering_nolock 1001005b f   libucrt:_sftbuf.obj
 0001:0000f110       ___acrt_stdio_end_temporary_buffering_nolock 10010110 f   libucrt:_sftbuf.obj
 0001:0000f149       ___acrt_set_locale_changed 10010149 f   libucrt:wsetlocale.obj
 0001:0000f154       ___acrt_uninitialize_locale 10010154 f   libucrt:wsetlocale.obj
 0001:0000f312       ___acrt_initialize_lowio   10010312 f   libucrt:ioinit.obj
 0001:0000f368       ___acrt_uninitialize_lowio 10010368 f   libucrt:ioinit.obj
 0001:0000f394       ___acrt_initialize_locks   10010394 f   libucrt:locks.obj
 0001:0000f3d5       ___acrt_lock               100103d5 f   libucrt:locks.obj
 0001:0000f3ec       ___acrt_uninitialize_locks 100103ec f   libucrt:locks.obj
 0001:0000f41d       ___acrt_unlock             1001041d f   libucrt:locks.obj
 0001:0000f57f       ___acrt_FlsAlloc@4         1001057f f   libucrt:winapi_thunks.obj
 0001:0000f5d5       ___acrt_FlsFree@4          100105d5 f   libucrt:winapi_thunks.obj
 0001:0000f62b       ___acrt_FlsGetValue@4      1001062b f   libucrt:winapi_thunks.obj
 0001:0000f681       ___acrt_FlsSetValue@8      10010681 f   libucrt:winapi_thunks.obj
 0001:0000f6da       ___acrt_InitializeCriticalSectionEx@12 100106da f   libucrt:winapi_thunks.obj
 0001:0000f73c       ___acrt_LCMapStringEx@36   1001073c f   libucrt:winapi_thunks.obj
 0001:0000f7c4       ___acrt_LocaleNameToLCID@8 100107c4 f   libucrt:winapi_thunks.obj
 0001:0000f820       ___acrt_MessageBoxW@16     10010820 f   libucrt:winapi_thunks.obj
 0001:0000f869       ___acrt_can_show_message_box 10010869 f   libucrt:winapi_thunks.obj
 0001:0000f882       ___acrt_get_parent_window  10010882 f   libucrt:winapi_thunks.obj
 0001:0000f901       ___acrt_initialize_winapi_thunks 10010901 f   libucrt:winapi_thunks.obj
 0001:0000f927       ___acrt_is_interactive     10010927 f   libucrt:winapi_thunks.obj
 0001:0000f9cd       ___acrt_is_packaged_app    100109cd f   libucrt:winapi_thunks.obj
 0001:0000fa54       ___acrt_uninitialize_winapi_thunks 10010a54 f   libucrt:winapi_thunks.obj
 0001:0000fe4c       ??1?$argument_list@D@?A0xb0e4b824@@QAE@XZ 10010e4c f i libucrt:argv_wildcards.obj
 0001:0000fe71       ?append@?$argument_list@D@?A0xb0e4b824@@QAEHQAD@Z 10010e71 f i libucrt:argv_wildcards.obj
 0001:0000fea6       ?expand_if_necessary@?$argument_list@D@?A0xb0e4b824@@AAEHXZ 10010ea6 f i libucrt:argv_wildcards.obj
 0001:0000ff2d       ___acrt_expand_narrow_argv_wildcards 10010f2d f   libucrt:argv_wildcards.obj
 0001:0000ff38       ??$?RV<lambda_978dc153c237d78434369da87b74ff60>@@AAV<lambda_ad1ced32f4ac17aa236e5ef05d6b3b7c>@@V<lambda_4a8533e2866a575feecb8298ce776b0d>@@@?$__crt_seh_guarded_call@X@@QAEX$$QAV<lambda_978dc153c237d78434369da87b74ff60>@@AAV<lambda_ad1ced32f4ac17aa236e5ef05d6b3b7c>@@$$QAV<lambda_4a8533e2866a575feecb8298ce776b0d>@@@Z 10010f38 f i libucrt:mbctype.obj
 0001:0000ff7b       ??$__acrt_lock_and_call@V<lambda_ad1ced32f4ac17aa236e5ef05d6b3b7c>@@@@YAXW4__acrt_lock_id@@$$QAV<lambda_ad1ced32f4ac17aa236e5ef05d6b3b7c>@@@Z 10010f7b f i libucrt:mbctype.obj
 0001:00010412       ___acrt_initialize_multibyte 10011412 f   libucrt:mbctype.obj
 0001:00010430       ___acrt_update_thread_multibyte_data 10011430 f   libucrt:mbctype.obj
 0001:000104d2       __setmbcp_nolock           100114d2 f   libucrt:mbctype.obj
 0001:0001071c       __ismbblead                1001171c f   libucrt:ismbbyte.obj
 0001:00010734       ___acrt_initialize_command_line 10011734 f   libucrt:argv_data.obj
 0001:00010784       ___dcrt_get_narrow_environment_from_os 10011784 f   libucrt:get_environment_from_os.obj
 0001:00010807       __recalloc                 10011807 f   libucrt:recalloc.obj
 0001:00010812       __recalloc_base            10011812 f   libucrt:recalloc.obj
 0001:0001087f       ___acrt_initialize_heap    1001187f f   libucrt:heap_handle.obj
 0001:00010890       ___acrt_uninitialize_heap  10011890 f   libucrt:heap_handle.obj
 0001:0001089a       ___acrt_execute_initializers 1001189a f   libucrt:shared_initialization.obj
 0001:0001091d       ___acrt_execute_uninitializers 1001191d f   libucrt:shared_initialization.obj
 0001:0001096a       ___acrt_has_user_matherr   1001196a f   libucrt:matherr.obj
 0001:00010983       ___acrt_initialize_user_matherr 10011983 f   libucrt:matherr.obj
 0001:00010997       ___acrt_invoke_user_matherr 10011997 f   libucrt:matherr.obj
 0001:000109e0       __query_new_mode           100119e0 f   libucrt:new_mode.obj
 0001:000109e6       ___pctype_func             100119e6 f   libucrt:ctype.obj
 0001:00010a0c       _iswctype                  10011a0c f   libucrt:iswctype.obj
 0001:00010a6b       __isctype_l                10011a6b f   libucrt:isctype.obj
 0001:00010b3d       ___acrt_add_locale_ref     10011b3d f   libucrt:locale_refcounting.obj
 0001:00010bba       ___acrt_free_locale        10011bba f   libucrt:locale_refcounting.obj
 0001:00010d04       ___acrt_locale_add_lc_time_reference 10011d04 f   libucrt:locale_refcounting.obj
 0001:00010d2d       ___acrt_locale_free_lc_time_if_unreferenced 10011d2d f   libucrt:locale_refcounting.obj
 0001:00010d5d       ___acrt_locale_release_lc_time_reference 10011d5d f   libucrt:locale_refcounting.obj
 0001:00010d86       ___acrt_release_locale_ref 10011d86 f   libucrt:locale_refcounting.obj
 0001:00010e07       ___acrt_update_thread_locale_data 10011e07 f   libucrt:locale_refcounting.obj
 0001:00010e7e       __updatetlocinfoEx_nolock  10011e7e f   libucrt:locale_refcounting.obj
 0001:00010ece       __fcloseall                10011ece f   libucrt:closeall.obj
 0001:00010f6e       ___acrt_stdio_free_buffer_nolock 10011f6e f   libucrt:_freebuf.obj
 0001:00010fac       ??$?RV<lambda_61cee617f5178ae960314fd4d05640a0>@@AAV<lambda_6978c1fb23f02e42e1d9e99668cc68aa>@@V<lambda_9cd88cf8ad10232537feb2133f08c833>@@@?$__crt_seh_guarded_call@H@@QAEH$$QAV<lambda_61cee617f5178ae960314fd4d05640a0>@@AAV<lambda_6978c1fb23f02e42e1d9e99668cc68aa>@@$$QAV<lambda_9cd88cf8ad10232537feb2133f08c833>@@@Z 10011fac f i libucrt:commit.obj
 0001:00011044       ??$__acrt_lowio_lock_fh_and_call@V<lambda_6978c1fb23f02e42e1d9e99668cc68aa>@@@@YAHH$$QAV<lambda_6978c1fb23f02e42e1d9e99668cc68aa>@@@Z 10012044 f i libucrt:commit.obj
 0001:0001106c       __commit                   1001206c f   libucrt:commit.obj
 0001:0001166b       __write                    1001266b f   libucrt:write.obj
 0001:00011756       __write_nolock             10012756 f   libucrt:write.obj
 0001:00011962       __isleadbyte_l             10012962 f i libucrt:_wctype.obj
 0001:00011bb8       ___acrt_LCMapStringA       10012bb8 f   libucrt:lcmapstringa.obj
 0001:00011c03       __freea_crt                10012c03 f i libucrt:lcmapstringa.obj
 0001:00011c23       ___acrt_fp_strflt_to_string 10012c23 f   libucrt:_fptostr.obj
 0001:00011cdf       ??0scoped_fp_state_reset@?A0x48fbfdd4@@QAE@XZ 10012cdf f i libucrt:cfout.obj
 0001:00011d10       ?divide@__crt_strtox@@YA_KAAUbig_integer@1@ABU21@@Z 10012d10 f i libucrt:cfout.obj
 0001:000121be       ___acrt_fltout             100131be f   libucrt:cfout.obj
 0001:000139a1       ___acrt_stdio_flush_and_write_narrow_nolock 100149a1 f   libucrt:_flsbuf.obj
 0001:000139ac       ___acrt_stdio_flush_and_write_wide_nolock 100149ac f   libucrt:_flsbuf.obj
 0001:000139b7       __isatty                   100149b7 f   libucrt:isatty.obj
 0001:00013a0d       ___acrt_locale_free_monetary 10014a0d f   libucrt:initmon.obj
 0001:00013b0b       ___acrt_locale_free_numeric 10014b0b f   libucrt:initnum.obj
 0001:00013bb0       ___acrt_locale_free_time   10014bb0 f   libucrt:inittime.obj
 0001:00013c94       ___acrt_GetStringTypeA     10014c94 f   libucrt:getstringtypea.obj
 0001:00013db1       ___acrt_lowio_create_handle_array 10014db1 f   libucrt:osfinfo.obj
 0001:00013e2b       ___acrt_lowio_destroy_handle_array 10014e2b f   libucrt:osfinfo.obj
 0001:00013e60       ___acrt_lowio_ensure_fh_exists 10014e60 f   libucrt:osfinfo.obj
 0001:00013ef8       ___acrt_lowio_lock_fh      10014ef8 f   libucrt:osfinfo.obj
 0001:00013f1b       ___acrt_lowio_unlock_fh    10014f1b f   libucrt:osfinfo.obj
 0001:00013f3e       __free_osfhnd              10014f3e f   libucrt:osfinfo.obj
 0001:00013fcf       __get_osfhandle            10014fcf f   libucrt:osfinfo.obj
 0001:000140f5       ___acrt_DownlevelLocaleNameToLCID 100150f5 f   libucrt:lcidtoname_downlevel.obj
 0001:00014210       _qsort                     10015210 f   libucrt:qsort.obj
 0001:0001465b       _strncpy_s                 1001565b f   libucrt:strncpy_s.obj
 0001:00014670       _strpbrk                   10015670 f   libucrt:strpbrk.obj
 0001:000146b0       __mbsdec                   100156b0 f   libucrt:mbsdec.obj
 0001:000146c7       __mbsdec_l                 100156c7 f   libucrt:mbsdec.obj
 0001:00014763       __msize                    10015763 f   libucrt:msize.obj
 0001:00014796       __realloc_base             10015796 f   libucrt:realloc_base.obj
 0001:000147ff       __fclose_nolock            100157ff f   libucrt:fclose.obj
 0001:00014875       _fclose                    10015875 f   libucrt:fclose.obj
 0001:00014a78       __lseeki64                 10015a78 f   libucrt:lseek.obj
 0001:00014a93       __lseeki64_nolock          10015a93 f   libucrt:lseek.obj
 0001:00014aae       __putwch_nolock            10015aae f   libucrt:putwch.obj
 0001:00014af3       ___strncnt                 10015af3 f   libucrt:strncnt.obj
 0001:00014b0f       _fegetenv                  10015b0f f   libucrt:fegetenv.obj
 0001:00014b2c       _fesetenv                  10015b2c f   libucrt:fesetenv.obj
 0001:00014b75       _feholdexcept              10015b75 f   libucrt:feholdexcept.obj
 0001:00014bd0       _log10                     10015bd0 f   libucrt:log10.obj
 0001:00014c10       __CIlog10                  10015c10 f   libucrt:log10.obj
 0001:00014c4b       __CIlog10_default          10015c4b f   libucrt:log10.obj
 0001:00014c5f       __log10_default            10015c5f     libucrt:log10.obj
 0001:00014d20       _ceil                      10015d20 f   libucrt:ceil_pentium4.obj
 0001:00014d60       __ceil_pentium4            10015d60 f   libucrt:ceil_pentium4.obj
 0001:00014e3d       ___acrt_stdio_allocate_buffer_nolock 10015e3d f   libucrt:_getbuf.obj
 0001:00014e9a       ??$?RV<lambda_123407a5e2ac06da108355a851863b7a>@@AAV<lambda_2fe9b910cf3cbf4a0ab98a02ba45b3ec>@@V<lambda_ae55bdf541ad94d75914d381c370e64d>@@@?$__crt_seh_guarded_call@H@@QAEH$$QAV<lambda_123407a5e2ac06da108355a851863b7a>@@AAV<lambda_2fe9b910cf3cbf4a0ab98a02ba45b3ec>@@$$QAV<lambda_ae55bdf541ad94d75914d381c370e64d>@@@Z 10015e9a f i libucrt:close.obj
 0001:00014f1c       ??$__acrt_lowio_lock_fh_and_call@V<lambda_2fe9b910cf3cbf4a0ab98a02ba45b3ec>@@@@YAHH$$QAV<lambda_2fe9b910cf3cbf4a0ab98a02ba45b3ec>@@@Z 10015f1c f i libucrt:close.obj
 0001:00014f44       __close                    10015f44 f   libucrt:close.obj
 0001:00014fc3       __close_nolock             10015fc3 f   libucrt:close.obj
 0001:0001505f       ?__acrt_stdio_free_stream@@YAXV__crt_stdio_stream@@@Z 1001605f f   libucrt:stream.obj
 0001:0001509a       ___dcrt_lowio_initialize_console_output 1001609a f   libucrt:initcon.obj
 0001:000150b9       ___dcrt_terminate_console_output 100160b9 f   libucrt:initcon.obj
 0001:00015373       __getfpcontrolword         10016373 f   libucrt:_fenvutils.obj
 0001:000153b6       __getfpstatusword          100163b6 f   libucrt:_fenvutils.obj
 0001:0001545e       __setfpcontrolword         1001645e f   libucrt:_fenvutils.obj
 0001:000154de       __setfpstatusword          100164de f   libucrt:_fenvutils.obj
 0001:0001555e       __clearfp                  1001655e f   libucrt:ieee87.obj
 0001:0001563c       ___acrt_initialize_sse2    1001663c f   libucrt:mathfcns.obj
 0001:00015650       __CIlog10_pentium4         10016650 f   libucrt:log10_pentium4.obj
 0001:00015668       __log10_pentium4           10016668     libucrt:log10_pentium4.obj
 0001:000158f1       __fFEXP                    100168f1     libucrt:87tran.obj
 0001:00015948       __rtinfpopse               10016948     libucrt:87tran.obj
 0001:0001594a       __rtinfnpopse              1001694a     libucrt:87tran.obj
 0001:0001595a       __fFLN                     1001695a     libucrt:87tran.obj
 0001:00015a0f       __rtinfpop                 10016a0f     libucrt:87tran.obj
 0001:00015a11       __rtinfnpop                10016a11     libucrt:87tran.obj
 0001:00015a2e       __ffexpm1                  10016a2e     libucrt:87tran.obj
 0001:00015ae0       __trandisp1                10016ae0 f   libucrt:87disp.obj
 0001:00015b47       __trandisp2                10016b47 f   libucrt:87disp.obj
 0001:00015bd3       __rttospopde               10016bd3     libucrt:87disp.obj
 0001:00015bd8       __rttospop                 10016bd8     libucrt:87disp.obj
 0001:00015bda       __rtnospop                 10016bda     libucrt:87disp.obj
 0001:00015bdc       __rttosnpop                10016bdc     libucrt:87disp.obj
 0001:00015bdd       __rtnospopde               10016bdd     libucrt:87disp.obj
 0001:00015be4       __rtzeropop                10016be4     libucrt:87disp.obj
 0001:00015be6       __rtzeronpop               10016be6     libucrt:87disp.obj
 0001:00015beb       __rtzerospop               10016beb     libucrt:87disp.obj
 0001:00015bf8       __rtonepop                 10016bf8     libucrt:87disp.obj
 0001:00015bfa       __rtonenpop                10016bfa     libucrt:87disp.obj
 0001:00015bff       __tosnan1                  10016bff     libucrt:87disp.obj
 0001:00015c2a       __nosnan2                  10016c2a     libucrt:87disp.obj
 0001:00015c2c       __tosnan2                  10016c2c     libucrt:87disp.obj
 0001:00015c54       __nan2                     10016c54     libucrt:87disp.obj
 0001:00015c93       __rtindfpop                10016c93     libucrt:87disp.obj
 0001:00015c95       __rtindfnpop               10016c95     libucrt:87disp.obj
 0001:00015ca6       __rttosnpopde              10016ca6     libucrt:87disp.obj
 0001:00015cb0       __rtatan2inf               10016cb0     libucrt:87disp.obj
 0001:00015ccd       __rtchsifneg               10016ccd     libucrt:87disp.obj
 0001:00015ce0       __twoToTOS                 10016ce0 f   libucrt:common.obj
 0001:00015cf5       __load_CW                  10016cf5 f   libucrt:common.obj
 0001:00015d0c       __convertTOStoQNaN         10016d0c f   libucrt:common.obj
 0001:00015d25       __fload_withFB             10016d25 f   libucrt:common.obj
 0001:00015d68       __checkTOS_withFB          10016d68 f   libucrt:common.obj
 0001:00015d7e       __fast_exit                10016d7e f   libucrt:common.obj
 0001:00015d8b       __math_exit                10016d8b f   libucrt:common.obj
 0001:00015db5       __check_overflow_exit      10016db5 f   libucrt:common.obj
 0001:00015dc9       __check_range_exit         10016dc9 f   libucrt:common.obj
 0001:00015e70       __startTwoArgErrorHandling 10016e70 f   libucrt:genexcep.obj
 0001:00015e87       __startOneArgErrorHandling 10016e87 f   libucrt:genexcep.obj
 0001:00015ec3       ___libm_error_support      10016ec3 f   libucrt:libm_error.obj
 0001:000160db       __ceil_default             100170db f   libucrt:ceil.obj
 0001:000161a0       ___ascii_strnicmp          100171a0 f   libucrt:_strnicm.obj
 0001:00016201       __clrfp                    10017201 f   libucrt:fpctrl.obj
 0001:00016214       __ctrlfp                   10017214 f   libucrt:fpctrl.obj
 0001:00016240       __set_statfp               10017240 f   libucrt:fpctrl.obj
 0001:0001629b       __statfp                   1001729b f   libucrt:fpctrl.obj
 0001:000162ad       __d_inttype                100172ad f   libucrt:powhlp.obj
 0001:00016317       __powhlp                   10017317 f   libucrt:powhlp.obj
 0001:00016442       __87except                 10017442 f   libucrt:87except.obj
 0001:0001654d       __frnd                     1001754d f   libucrt:frnd.obj
 0001:00016563       __errcode                  10017563 f   libucrt:fpexcept.obj
 0001:00016597       __except1                  10017597 f   libucrt:fpexcept.obj
[...]
 0002:00000ac8       _errtable                  1001aac8     libucrt:errno.obj
 0002:00001028       ___acrt_initializers       1001b028     libucrt:initialization.obj
 0002:000015b0       _module_names              1001b5b0     libucrt:winapi_thunks.obj
 0002:00001a50       ?candidate_modules@?1??try_get_FlsAlloc@@YAP6GKP6GXPAX@Z@ZXZ@4QBW4module_id@?A0x352e5c4b@@B 1001ba50     libucrt:winapi_thunks.obj
 0002:00001a58       ?candidate_modules@?1??try_get_FlsFree@@YAP6GHK@ZXZ@4QBW4module_id@?A0x352e5c4b@@B 1001ba58     libucrt:winapi_thunks.obj
 0002:00001a60       ?candidate_modules@?1??try_get_FlsGetValue@@YAP6GPAXK@ZXZ@4QBW4module_id@?A0x352e5c4b@@B 1001ba60     libucrt:winapi_thunks.obj
 0002:00001a68       ?candidate_modules@?1??try_get_FlsSetValue@@YAP6GHKPAX@ZXZ@4QBW4module_id@?A0x352e5c4b@@B 1001ba68     libucrt:winapi_thunks.obj
 0002:00001a70       ?candidate_modules@?1??try_get_GetActiveWindow@@YAP6GPAUHWND__@@XZXZ@4QBW4module_id@?A0x352e5c4b@@B 1001ba70     libucrt:winapi_thunks.obj
 0002:00001a88       ?candidate_modules@?1??try_get_GetCurrentPackageId@@YAP6GJPAIPAE@ZXZ@4QBW4module_id@?A0x352e5c4b@@B 1001ba88     libucrt:winapi_thunks.obj
 0002:00001aa4       ?candidate_modules@?1??try_get_GetLastActivePopup@@YAP6GPAUHWND__@@PAU2@@ZXZ@4QBW4module_id@?A0x352e5c4b@@B 1001baa4     libucrt:winapi_thunks.obj
 0002:00001ac0       ?candidate_modules@?1??try_get_GetProcessWindowStation@@YAP6GPAUHWINSTA__@@XZXZ@4QBW4module_id@?A0x352e5c4b@@B 1001bac0     libucrt:winapi_thunks.obj
 0002:00001ae0       ?candidate_modules@?1??try_get_GetUserObjectInformationW@@YAP6GHPAXH0KPAK@ZXZ@4QBW4module_id@?A0x352e5c4b@@B 1001bae0     libucrt:winapi_thunks.obj
 0002:00001b04       ?candidate_modules@?1??try_get_InitializeCriticalSectionEx@@YAP6GHPAU_RTL_CRITICAL_SECTION@@KK@ZXZ@4QBW4module_id@?A0x352e5c4b@@B 1001bb04     libucrt:winapi_thunks.obj
 0002:00001b0c       ?candidate_modules@?1??try_get_LCMapStringEx@@YAP6GHPB_WK0HPA_WHPAU_nlsversioninfo@@PAXJ@ZXZ@4QBW4module_id@?A0x352e5c4b@@B 1001bb0c     libucrt:winapi_thunks.obj
 0002:00001b24       ?candidate_modules@?1??try_get_LocaleNameToLCID@@YAP6GKPB_WK@ZXZ@4QBW4module_id@?A0x352e5c4b@@B 1001bb24     libucrt:winapi_thunks.obj
 0002:00001b40       ?candidate_modules@?1??try_get_MessageBoxA@@YAP6GHPAUHWND__@@PBD1I@ZXZ@4QBW4module_id@?A0x352e5c4b@@B 1001bb40     libucrt:winapi_thunks.obj
 0002:00001b54       ?candidate_modules@?1??try_get_MessageBoxW@@YAP6GHPAUHWND__@@PB_W1I@ZXZ@4QBW4module_id@?A0x352e5c4b@@B 1001bb54     libucrt:winapi_thunks.obj
 0002:00001b68       __mb_locale_names          1001bb68     libucrt:mbctype.obj
 0002:00002da0       _LcidToLocaleNameTable     1001cda0     libucrt:lcidtoname_downlevel.obj
 0002:00003ec0       _LocaleNameToIndexTable    1001dec0     libucrt:lcidtoname_downlevel.obj
 0002:00004e10       LOG_name                   1001ee10     libucrt:log10.obj
 0002:00004e20       _One                       1001ee20     libucrt:ceil_pentium4.obj
 0002:00004e30       _Bns                       1001ee30     libucrt:ceil_pentium4.obj
 0002:00004e40       _Zero                      1001ee40     libucrt:ceil_pentium4.obj
 0002:00004e50       _S                         1001ee50     libucrt:ceil_pentium4.obj
 0002:00004e60       _NegZero                   1001ee60     libucrt:ceil_pentium4.obj
 0002:00004e80       emask                      1001ee80     libucrt:log10_pentium4.obj
 0002:00004e90       CC                         1001ee90     libucrt:log10_pentium4.obj
 0002:00004ea0       Magic                      1001eea0     libucrt:log10_pentium4.obj
 0002:00004eb0       hi_mask                    1001eeb0     libucrt:log10_pentium4.obj
 0002:00004ec0       LOG10_2                    1001eec0     libucrt:log10_pentium4.obj
 0002:00004ed0       place_L                    1001eed0     libucrt:log10_pentium4.obj
 0002:00004ef0       One                        1001eef0     libucrt:log10_pentium4.obj
 0002:00004f00       Zero                       1001ef00     libucrt:log10_pentium4.obj
 0002:00004f10       Two52                      1001ef10     libucrt:log10_pentium4.obj
 0002:00004f20       Infs                       1001ef20     libucrt:log10_pentium4.obj
 0002:00004f30       NaN                        1001ef30     libucrt:log10_pentium4.obj
 0002:00004f40       coeff                      1001ef40     libucrt:log10_pentium4.obj
 0002:00004f9e       _log2max                   1001ef9e     libucrt:87tran.obj
 0002:00004fa8       _smallarg                  1001efa8     libucrt:87tran.obj
 0002:00004fb2       _half                      1001efb2     libucrt:87tran.obj
 0002:00004ffe       One                        1001effe     libucrt:87disp.obj
 0002:00005006       Three                      1001f006     libucrt:87disp.obj
 0002:0000500e       XAMtoTagTab                1001f00e     libucrt:87disp.obj
 0002:00005020       One                        1001f020     libucrt:common.obj
 0002:00005034       DblMax                     1001f034     libucrt:common.obj
 0002:0000503c       DblMin                     1001f03c     libucrt:common.obj
 0002:00005044       IeeeAdjO                   1001f044     libucrt:common.obj
 0002:0000504c       IeeeAdjU                   1001f04c     libucrt:common.obj
 0002:00005054       _infinity                  1001f054     libucrt:common.obj
 0002:0000505c       _zero                      1001f05c     libucrt:common.obj
 0002:00005098       _over                      1001f098     libucrt:fpctrl.obj
 0002:000050a4       _under                     1001f0a4     libucrt:fpctrl.obj
 0002:00005968       ?_names@?1??_get_fname@@9@9 1001f968     libucrt:fpexcept.obj
 0002:00006798       __sehtable$___scrt_is_nonwritable_in_current_image 10020798     LIBCMT:utility.obj
 0002:000067b8       __sehtable$?dllmain_crt_process_attach@@YAHQAUHINSTANCE__@@QAX@Z 100207b8     LIBCMT:dll_dllmain.obj
 0002:000067d8       __sehtable$?dllmain_crt_process_detach@@YAH_N@Z 100207d8     LIBCMT:dll_dllmain.obj
 0002:000067f8       __sehtable$?dllmain_dispatch@@YAHQAUHINSTANCE__@@KQAX@Z 100207f8     LIBCMT:dll_dllmain.obj
 0002:00006850       __sehtable$??$?RV<lambda_ab9923ffb5d694ec0d78876dd103e44f>@@AAV<lambda_481dd5778c961fbcd3b60b650e9b9dc4>@@V<lambda_7923d86c9e3f319b415918ec4b39749c>@@@?$__crt_seh_guarded_call@H@@QAEH$$QAV<lambda_ab9923ffb5d694ec0d78876dd103e44f>@@AAV<lambda_481dd5778c961fbcd3b60b650e9b9dc4>@@$$QAV<lambda_7923d86c9e3f319b415918ec4b39749c>@@@Z 10020850     libucrt:output.obj
 0002:00006870       __sehtable$__query_new_handler 10020870     libucrt:new_handler.obj
 0002:00006890       __sehtable$?common_exit@@YAXHW4_crt_exit_cleanup_mode@@W4_crt_exit_return_mode@@@Z 10020890     libucrt:exit.obj
 0002:000068b8       __sehtable$??$?RV<lambda_800076c951b434888f4765a74a194fcc>@@AAV<lambda_4e60a939b0d047cfe11ddc22648dfba9>@@V<lambda_6dbb1268764f43b569ce7b67e331d33a>@@@?$__crt_seh_guarded_call@H@@QAEH$$QAV<lambda_800076c951b434888f4765a74a194fcc>@@AAV<lambda_4e60a939b0d047cfe11ddc22648dfba9>@@$$QAV<lambda_6dbb1268764f43b569ce7b67e331d33a>@@@Z 100208b8     libucrt:onexit.obj
 0002:000068d8       __sehtable$??$?RV<lambda_995298e7d72eb4c2aab26c0585b3abe5>@@AAV<lambda_275893d493268fdec8709772e3fcec0e>@@V<lambda_293819299cbf9a7022e18b56a874bb5c>@@@?$__crt_seh_guarded_call@H@@QAEH$$QAV<lambda_995298e7d72eb4c2aab26c0585b3abe5>@@AAV<lambda_275893d493268fdec8709772e3fcec0e>@@$$QAV<lambda_293819299cbf9a7022e18b56a874bb5c>@@@Z 100208d8     libucrt:onexit.obj
 0002:000068f8       __sehtable$_terminate      100208f8     libucrt:terminate.obj
 0002:00006918       __sehtable$??$?RV<lambda_9df27f884b057bc3edfc946cb5b7cf47>@@AAV<lambda_e69574bed617af4e071282c136b37893>@@V<lambda_cc0d902bcbbeb830f749456577db4721>@@@?$__crt_seh_guarded_call@X@@QAEX$$QAV<lambda_9df27f884b057bc3edfc946cb5b7cf47>@@AAV<lambda_e69574bed617af4e071282c136b37893>@@$$QAV<lambda_cc0d902bcbbeb830f749456577db4721>@@@Z 10020918     libucrt:per_thread_data.obj
 0002:00006938       __sehtable$??$?RV<lambda_3518db117f0e7cdb002338c5d3c47b6c>@@AAV<lambda_b2ea41f6bbb362cd97d94c6828d90b61>@@V<lambda_abdedf541bb04549bc734292b4a045d4>@@@?$__crt_seh_guarded_call@X@@QAEX$$QAV<lambda_3518db117f0e7cdb002338c5d3c47b6c>@@AAV<lambda_b2ea41f6bbb362cd97d94c6828d90b61>@@$$QAV<lambda_abdedf541bb04549bc734292b4a045d4>@@@Z 10020938     libucrt:per_thread_data.obj
 0002:00006958       __sehtable$??$?RV<lambda_51b6e8b1eb166f2a3faf91f424b38130>@@AAV<lambda_6250bd4b2a391816dd638c3bf72b0bcb>@@V<lambda_0b5a4a3e68152e1d9b943535f5f47bed>@@@?$__crt_seh_guarded_call@X@@QAEX$$QAV<lambda_51b6e8b1eb166f2a3faf91f424b38130>@@AAV<lambda_6250bd4b2a391816dd638c3bf72b0bcb>@@$$QAV<lambda_0b5a4a3e68152e1d9b943535f5f47bed>@@@Z 10020958     libucrt:per_thread_data.obj
 0002:00006978       __sehtable$??$?RV<lambda_5b71d36f03204c0beab531769a5b5694>@@AAV<lambda_be2b3da3f62db62e9dad5dc70221a656>@@V<lambda_8f9ce462984622f9bf76b59e2aaaf805>@@@?$__crt_seh_guarded_call@X@@QAEX$$QAV<lambda_5b71d36f03204c0beab531769a5b5694>@@AAV<lambda_be2b3da3f62db62e9dad5dc70221a656>@@$$QAV<lambda_8f9ce462984622f9bf76b59e2aaaf805>@@@Z 10020978     libucrt:per_thread_data.obj
 0002:00006998       __sehtable$_fflush         10020998     libucrt:fflush.obj
 0002:000069b8       __sehtable$_common_flush_all 100209b8     libucrt:fflush.obj
 0002:000069e0       __sehtable$??$?RV<lambda_d92cfe8357b99225085016881b624cb0>@@AAV<lambda_b721fa326cdb32351d23dfa67958c160>@@V<lambda_42d75b0848218ec137fa420c8ba9fdf9>@@@?$__crt_seh_guarded_call@H@@QAEH$$QAV<lambda_d92cfe8357b99225085016881b624cb0>@@AAV<lambda_b721fa326cdb32351d23dfa67958c160>@@$$QAV<lambda_42d75b0848218ec137fa420c8ba9fdf9>@@@Z 100209e0     libucrt:setvbuf.obj
 0002:00006a00       __sehtable$_raise          10020a00     libucrt:signal.obj
 0002:00006a20       __sehtable$??$?RV<lambda_a048d3beccc847880fc8490e18b82769>@@AAV<lambda_ec61778202f4f5fc7e7711acc23c3bca>@@V<lambda_f7496a158712204296dd6628a163878e>@@@?$__crt_seh_guarded_call@P6AXH@Z@@QAEP6AXH@Z$$QAV<lambda_a048d3beccc847880fc8490e18b82769>@@AAV<lambda_ec61778202f4f5fc7e7711acc23c3bca>@@$$QAV<lambda_f7496a158712204296dd6628a163878e>@@@Z 10020a20     libucrt:signal.obj
 0002:00006a40       __sehtable$___acrt_uninitialize_locale 10020a40     libucrt:wsetlocale.obj
 0002:00006a60       __sehtable$___acrt_initialize_lowio 10020a60     libucrt:ioinit.obj
 0002:00006a80       __sehtable$___acrt_update_thread_multibyte_data 10020a80     libucrt:mbctype.obj
 0002:00006aa0       __sehtable$??$?RV<lambda_978dc153c237d78434369da87b74ff60>@@AAV<lambda_ad1ced32f4ac17aa236e5ef05d6b3b7c>@@V<lambda_4a8533e2866a575feecb8298ce776b0d>@@@?$__crt_seh_guarded_call@X@@QAEX$$QAV<lambda_978dc153c237d78434369da87b74ff60>@@AAV<lambda_ad1ced32f4ac17aa236e5ef05d6b3b7c>@@$$QAV<lambda_4a8533e2866a575feecb8298ce776b0d>@@@Z 10020aa0     libucrt:mbctype.obj
 0002:00006ac0       __sehtable$___acrt_update_thread_locale_data 10020ac0     libucrt:locale_refcounting.obj
 0002:00006ae0       __sehtable$__fcloseall     10020ae0     libucrt:closeall.obj
 0002:00006b00       __sehtable$??$?RV<lambda_61cee617f5178ae960314fd4d05640a0>@@AAV<lambda_6978c1fb23f02e42e1d9e99668cc68aa>@@V<lambda_9cd88cf8ad10232537feb2133f08c833>@@@?$__crt_seh_guarded_call@H@@QAEH$$QAV<lambda_61cee617f5178ae960314fd4d05640a0>@@AAV<lambda_6978c1fb23f02e42e1d9e99668cc68aa>@@$$QAV<lambda_9cd88cf8ad10232537feb2133f08c833>@@@Z 10020b00     libucrt:commit.obj
 0002:00006b20       __sehtable$__write         10020b20     libucrt:write.obj
 0002:00006b40       __sehtable$___acrt_lowio_ensure_fh_exists 10020b40     libucrt:osfinfo.obj
 0002:00006b60       __sehtable$_fclose         10020b60     libucrt:fclose.obj
 0002:00006b80       __sehtable$??$common_lseek@_J@@YA_JH_JH@Z 10020b80     libucrt:lseek.obj
 0002:00006ba0       __sehtable$??$?RV<lambda_123407a5e2ac06da108355a851863b7a>@@AAV<lambda_2fe9b910cf3cbf4a0ab98a02ba45b3ec>@@V<lambda_ae55bdf541ad94d75914d381c370e64d>@@@?$__crt_seh_guarded_call@H@@QAEH$$QAV<lambda_123407a5e2ac06da108355a851863b7a>@@AAV<lambda_2fe9b910cf3cbf4a0ab98a02ba45b3ec>@@$$QAV<lambda_ae55bdf541ad94d75914d381c370e64d>@@@Z 10020ba0     libucrt:close.obj
 0002:00006bc0       __sehtable$__IsNonwritableInCurrentImage 10020bc0     LIBCMT:pesect.obj
 0002:00007ab0       .edata                     10021ab0     ffi_bindings.exp
 0002:00007ad8       rgpv                       10021ad8     ffi_bindings.exp
 0002:00007adc       rgszName                   10021adc     ffi_bindings.exp
 0002:00007ae0       rgwOrd                     10021ae0     ffi_bindings.exp
 0002:00007ae2       szName                     10021ae2     ffi_bindings.exp
 0002:00007af4       $N00001                    10021af4     ffi_bindings.exp
 0002:00007d54       .idata$6                   10021d54     kernel32:KERNEL32.dll
 0003:00000010       ?__vcrt_flsindex@@3KA      10023010     libvcruntime:per_thread_data.obj
 0003:00000030       _errno_no_memory           10023030     libucrt:errno.obj
 0003:00000034       _doserrno_no_memory        10023034     libucrt:errno.obj
 0003:0000003c       ___acrt_flsindex           1002303c     libucrt:per_thread_data.obj
 0003:000001e0       ___rgctypeflag             100231e0     libucrt:mbctype.obj
 0003:000001e8       ___rgcode_page_info        100231e8     libucrt:mbctype.obj
 0003:00000790       __module                   10023790     ffi.obj
 0003:0000096c       ?module_local_atexit_table@@3U_onexit_table_t@@A 1002396c     LIBCMT:utility.obj
 0003:00000978       ?module_local_at_quick_exit_table@@3U_onexit_table_t@@A 10023978     LIBCMT:utility.obj
 0003:00000984       ?is_initialized_as_dll@@3_NA 10023984     LIBCMT:utility.obj
 0003:00000988       _GS_ExceptionRecord        10023988     LIBCMT:gs_report.obj
 0003:000009d8       _GS_ContextRecord          100239d8     LIBCMT:gs_report.obj
 0003:00000ca4       ?__proc_attached@@3HA      10023ca4     LIBCMT:dll_dllmain.obj
 0003:00000cc8       ?__vcrt_startup_thread_ptd@@3U__vcrt_ptd@@A 10023cc8     libvcruntime:per_thread_data.obj
 0003:00000cf0       ___vcrt_lock_table         10023cf0     libvcruntime:locks.obj
 0003:00000d08       ___vcrt_locks_initialized  10023d08     libvcruntime:locks.obj
 0003:00000d0c       ?module_handles@@3PAPAUHINSTANCE__@@A 10023d0c     libvcruntime:winapi_downlevel.obj
 0003:00000d1c       ?encoded_function_pointers@@3PAPAXA 10023d1c     libvcruntime:winapi_downlevel.obj
 0003:00000d6c       ?heap@@3V_HeapManager@@A   10023d6c     libvcruntime:undname.obj
 0003:00000d80       ___acrt_invalid_parameter_handler 10023d80     libucrt:invalid_parameter.obj
 0003:00000d84       ___acrt_new_handler        10023d84     libucrt:new_handler.obj
 0003:00000d88       _c_termination_complete    10023d88     libucrt:exit.obj
 0003:00000d8c       _thread_local_exit_callback_func 10023d8c     libucrt:exit.obj
 0003:00000d90       ?c_exit_complete@?5??common_exit@@YAXHW4_crt_exit_cleanup_mode@@W4_crt_exit_return_mode@@@Z@4_NA 10023d90     libucrt:exit.obj
 0003:00000d98       ?program_name@?5???$common_configure_argv@D@@YAHW4_crt_argv_mode@@@Z@4PADA 10023d98     libucrt:argv_parsing.obj
 0003:00000ec8       ___acrt_app_type           10023ec8     libucrt:report_runtime_error.obj
 0003:00000ecc       ___acrt_error_mode         10023ecc     libucrt:set_error_mode.obj
 0003:00000edc       _ctrlc_action              10023edc     libucrt:signal.obj
 0003:00000ee0       _ctrlbreak_action          10023ee0     libucrt:signal.obj
 0003:00000ee4       _abort_action              10023ee4     libucrt:signal.obj
 0003:00000ee8       _term_action               10023ee8     libucrt:signal.obj
 0003:00000eec       _enable_percent_n          10023eec     libucrt:printf_count_output.obj
 0003:00001108       ___acrt_lock_table         10024108     libucrt:locks.obj
 0003:00001240       ___acrt_locks_initialized  10024240     libucrt:locks.obj
 0003:00001248       _module_handles            10024248     libucrt:winapi_thunks.obj
 0003:00001298       _encoded_function_pointers 10024298     libucrt:winapi_thunks.obj
 0003:00001318       ?state_cache@?1??__acrt_is_packaged_app@@9@4JA 10024318     libucrt:winapi_thunks.obj
 0003:00001334       _fSystemSet                10024334     libucrt:mbctype.obj
 0003:00001338       ?initialized@?1??__acrt_initialize_multibyte@@9@4_NA 10024338     libucrt:mbctype.obj
 0003:00001358       _user_matherr              10024358     libucrt:matherr.obj
 0003:0000135c       ___acrt_global_new_mode    1002435c     libucrt:new_mode.obj
 0003:0000136c       __pmatherr_set             1002436c     libucrt:libm_error.obj
 0003:000013ac       ?lastError@@3KA            100243ac     win32-dlfcn.obj
 0003:00001424       _mparams                   10024424     libffi:closures.obj
 0003:0000143c       _magic_init_mutex          1002443c     libffi:closures.obj
 0003:00001460       __gm_                      10024460     libffi:closures.obj
 0003:00001638       ?errorMessage@?1??dlerror@@9@4PADA 10024638     win32-dlfcn.obj
 0004:00000000       __guard_fids____dcrt_uninitialize_environments_nolock 10025000     libucrt:environment_initialization.obj
 0004:00000008       __guard_fids__             10025008     libucrt:initialization.obj
 0004:00000068       __guard_fids____acrt_initialize_ptd 10025068     libucrt:per_thread_data.obj
 0004:0000006c       __guard_fids_??$common_show_message_box@_W@@YAHQB_W0I@Z 1002506c     libucrt:crtmbox.obj
 0004:00000070       __guard_fids_??$expand_argument_wildcards@D@@YAHQAD0AAV?$argument_list@D@?A0xb0e4b824@@@Z 10025070     libucrt:argv_wildcards.obj
 0004:00000074       __guard_fids__             10025074     libucrt:stdio_initializer.obj
 0004:00000078       __guard_fids__             10025078     libucrt:stdio_initializer.obj
 0004:0000007c       __guard_fids__             1002507c     libucrt:locale_initializer.obj
 0004:00000080       __guard_fids__             10025080     libucrt:multibyte_initializer.obj
 0004:00000084       __guard_fids____libm_error_support 10025084     libucrt:libm_error.obj
 0004:00000088       __guard_fids__             10025088     libucrt:console_output_initializer.obj
 0004:0000008c       __guard_fids__             1002508c     libucrt:sse2_initializer.obj
 0004:00000090       __guard_fids__             10025090     libcpmt:xthrow.obj
 0004:00000098       __guard_fids__             10025098     libcpmt:xthrow.obj
 0004:000000a0       __guard_fids__             100250a0     libcpmt:xthrow.obj
 0004:000000a8       __guard_fids__             100250a8     libcpmt:xthrow.obj
 0004:000000b0       __guard_fids__             100250b0     libcpmt:xthrow.obj
 0004:000000b4       __guard_fids__             100250b4     libcpmt:xthrow.obj
 0004:000000b8       __guard_fids__             100250b8     libcpmt:xthrow.obj
 0004:000000bc       __guard_fids__             100250bc     libcpmt:xthrow.obj
 0004:000000c0       __guard_fids__             100250c0     libcpmt:xthrow.obj
 0004:000000c4       __guard_fids__             100250c4     libcpmt:xthrow.obj
 0004:000000c8       __guard_fids_?dllmain_crt_process_attach@@YAHQAUHINSTANCE__@@QAX@Z 100250c8     LIBCMT:dll_dllmain.obj
 0004:000000d0       __guard_fids_?dllmain_dispatch@@YAHQAUHINSTANCE__@@KQAX@Z 100250d0     LIBCMT:dll_dllmain.obj
 0004:000000d4       __guard_fids__             100250d4     LIBCMT:std_type_info_static.obj
 0004:000000d8       __guard_fids__             100250d8     LIBCMT:throw_bad_alloc.obj
 0004:000000e0       __guard_fids__             100250e0     LIBCMT:throw_bad_alloc.obj
 0004:000000e4       __guard_fids__             100250e4     LIBCMT:throw_bad_alloc.obj
 0004:000000e8       __guard_fids__             100250e8     LIBCMT:guard_support.obj
 0004:000000ec       __guard_fids____vcrt_initialize_ptd 100250ec     libvcruntime:per_thread_data.obj
 0005:00000060       $R000000                   10026060     * linker generated manifest res *

 Exports

  ordinal    name

        1    __register_ffi_bindings_
               exported name: _register_ffi_bindings_
